Feb 02 08:00:32 ubuntu kernel: Linux version 5.4.0-65-generic (buildd@lcy01-amd64-018) (gcc version 9.3.0 (Ubuntu 9.3.0-17ubuntu1~20.04)) #73-Ubuntu SMP Mon Jan 18 17:25:17 UTC 2021 (Ubuntu 5.4.0-65.73-generic 5.4.78)
Feb 02 08:00:32 ubuntu kernel: Command line: BOOT_IMAGE=/boot/vmlinuz-5.4.0-65-generic root=PARTUUID=1ba7bcea-01 ro console=tty1 console=ttyS0
Feb 02 08:00:32 ubuntu kernel: KERNEL supported cpus:
Feb 02 08:00:32 ubuntu kernel:   Intel GenuineIntel
Feb 02 08:00:32 ubuntu kernel:   AMD AuthenticAMD
Feb 02 08:00:32 ubuntu kernel:   Hygon HygonGenuine
Feb 02 08:00:32 ubuntu kernel:   Centaur CentaurHauls
Feb 02 08:00:32 ubuntu kernel:   zhaoxin   Shanghai  
Feb 02 08:00:32 ubuntu kernel: x86/fpu: Supporting XSAVE feature 0x001: 'x87 floating point registers'
Feb 02 08:00:32 ubuntu kernel: x86/fpu: Supporting XSAVE feature 0x002: 'SSE registers'
Feb 02 08:00:32 ubuntu kernel: x86/fpu: Supporting XSAVE feature 0x004: 'AVX registers'
Feb 02 08:00:32 ubuntu kernel: x86/fpu: xstate_offset[2]:  576, xstate_sizes[2]:  256
Feb 02 08:00:32 ubuntu kernel: x86/fpu: Enabled xstate features 0x7, context size is 832 bytes, using 'standard' format.
Feb 02 08:00:32 ubuntu kernel: BIOS-provided physical RAM map:
Feb 02 08:00:32 ubuntu kernel: BIOS-e820: [mem 0x0000000000000000-0x000000000009fbff] usable
Feb 02 08:00:32 ubuntu kernel: BIOS-e820: [mem 0x000000000009fc00-0x000000000009ffff] reserved
Feb 02 08:00:32 ubuntu kernel: BIOS-e820: [mem 0x00000000000f0000-0x00000000000fffff] reserved
Feb 02 08:00:32 ubuntu kernel: BIOS-e820: [mem 0x0000000000100000-0x000000003ffeffff] usable
Feb 02 08:00:32 ubuntu kernel: BIOS-e820: [mem 0x000000003fff0000-0x000000003fffffff] ACPI data
Feb 02 08:00:32 ubuntu kernel: BIOS-e820: [mem 0x00000000fec00000-0x00000000fec00fff] reserved
Feb 02 08:00:32 ubuntu kernel: BIOS-e820: [mem 0x00000000fee00000-0x00000000fee00fff] reserved
Feb 02 08:00:32 ubuntu kernel: BIOS-e820: [mem 0x00000000fffc0000-0x00000000ffffffff] reserved
Feb 02 08:00:32 ubuntu kernel: NX (Execute Disable) protection: active
Feb 02 08:00:32 ubuntu kernel: SMBIOS 2.5 present.
Feb 02 08:00:32 ubuntu kernel: DMI: innotek GmbH VirtualBox/VirtualBox, BIOS VirtualBox 12/01/2006
Feb 02 08:00:32 ubuntu kernel: Hypervisor detected: KVM
Feb 02 08:00:32 ubuntu kernel: kvm-clock: Using msrs 4b564d01 and 4b564d00
Feb 02 08:00:32 ubuntu kernel: kvm-clock: cpu 0, msr 9c01001, primary cpu clock
Feb 02 08:00:32 ubuntu kernel: kvm-clock: using sched offset of 4117859404 cycles
Feb 02 08:00:32 ubuntu kernel: clocksource: kvm-clock: mask: 0xffffffffffffffff max_cycles: 0x1cd42e4dffb, max_idle_ns: 881590591483 ns
Feb 02 08:00:32 ubuntu kernel: tsc: Detected 2303.952 MHz processor
Feb 02 08:00:32 ubuntu kernel: e820: update [mem 0x00000000-0x00000fff] usable ==> reserved
Feb 02 08:00:32 ubuntu kernel: e820: remove [mem 0x000a0000-0x000fffff] usable
Feb 02 08:00:32 ubuntu kernel: last_pfn = 0x3fff0 max_arch_pfn = 0x400000000
Feb 02 08:00:32 ubuntu kernel: MTRR default type: uncachable
Feb 02 08:00:32 ubuntu kernel: MTRR variable ranges disabled:
Feb 02 08:00:32 ubuntu kernel: Disabled
Feb 02 08:00:32 ubuntu kernel: x86/PAT: MTRRs disabled, skipping PAT initialization too.
Feb 02 08:00:32 ubuntu kernel: CPU MTRRs all blank - virtualized system.
Feb 02 08:00:32 ubuntu kernel: x86/PAT: Configuration [0-7]: WB  WT  UC- UC  WB  WT  UC- UC  
Feb 02 08:00:32 ubuntu kernel: found SMP MP-table at [mem 0x0009fff0-0x0009ffff]
Feb 02 08:00:32 ubuntu kernel: check: Scanning 1 areas for low memory corruption
Feb 02 08:00:32 ubuntu kernel: RAMDISK: [mem 0x34c7d000-0x36635fff]
Feb 02 08:00:32 ubuntu kernel: ACPI: Early table checksum verification disabled
Feb 02 08:00:32 ubuntu kernel: ACPI: RSDP 0x00000000000E0000 000024 (v02 VBOX  )
Feb 02 08:00:32 ubuntu kernel: ACPI: XSDT 0x000000003FFF0030 00003C (v01 VBOX   VBOXXSDT 00000001 ASL  00000061)
Feb 02 08:00:32 ubuntu kernel: ACPI: FACP 0x000000003FFF00F0 0000F4 (v04 VBOX   VBOXFACP 00000001 ASL  00000061)
Feb 02 08:00:32 ubuntu kernel: ACPI: DSDT 0x000000003FFF0470 002325 (v02 VBOX   VBOXBIOS 00000002 INTL 20190509)
Feb 02 08:00:32 ubuntu kernel: ACPI: FACS 0x000000003FFF0200 000040
Feb 02 08:00:32 ubuntu kernel: ACPI: FACS 0x000000003FFF0200 000040
Feb 02 08:00:32 ubuntu kernel: ACPI: APIC 0x000000003FFF0240 00005C (v02 VBOX   VBOXAPIC 00000001 ASL  00000061)
Feb 02 08:00:32 ubuntu kernel: ACPI: SSDT 0x000000003FFF02A0 0001CC (v01 VBOX   VBOXCPUT 00000002 INTL 20190509)
Feb 02 08:00:32 ubuntu kernel: ACPI: Local APIC address 0xfee00000
Feb 02 08:00:32 ubuntu kernel: No NUMA configuration found
Feb 02 08:00:32 ubuntu kernel: Faking a node at [mem 0x0000000000000000-0x000000003ffeffff]
Feb 02 08:00:32 ubuntu kernel: NODE_DATA(0) allocated [mem 0x3ffc5000-0x3ffeffff]
Feb 02 08:00:32 ubuntu kernel: Zone ranges:
Feb 02 08:00:32 ubuntu kernel:   DMA      [mem 0x0000000000001000-0x0000000000ffffff]
Feb 02 08:00:32 ubuntu kernel:   DMA32    [mem 0x0000000001000000-0x000000003ffeffff]
Feb 02 08:00:32 ubuntu kernel:   Normal   empty
Feb 02 08:00:32 ubuntu kernel:   Device   empty
Feb 02 08:00:32 ubuntu kernel: Movable zone start for each node
Feb 02 08:00:32 ubuntu kernel: Early memory node ranges
Feb 02 08:00:32 ubuntu kernel:   node   0: [mem 0x0000000000001000-0x000000000009efff]
Feb 02 08:00:32 ubuntu kernel:   node   0: [mem 0x0000000000100000-0x000000003ffeffff]
Feb 02 08:00:32 ubuntu kernel: Zeroed struct page in unavailable ranges: 114 pages
Feb 02 08:00:32 ubuntu kernel: Initmem setup node 0 [mem 0x0000000000001000-0x000000003ffeffff]
Feb 02 08:00:32 ubuntu kernel: On node 0 totalpages: 262030
Feb 02 08:00:32 ubuntu kernel:   DMA zone: 64 pages used for memmap
Feb 02 08:00:32 ubuntu kernel:   DMA zone: 21 pages reserved
Feb 02 08:00:32 ubuntu kernel:   DMA zone: 3998 pages, LIFO batch:0
Feb 02 08:00:32 ubuntu kernel:   DMA32 zone: 4032 pages used for memmap
Feb 02 08:00:32 ubuntu kernel:   DMA32 zone: 258032 pages, LIFO batch:63
Feb 02 08:00:32 ubuntu kernel: ACPI: PM-Timer IO Port: 0x4008
Feb 02 08:00:32 ubuntu kernel: ACPI: Local APIC address 0xfee00000
Feb 02 08:00:32 ubuntu kernel: IOAPIC[0]: apic_id 2, version 32, address 0xfec00000, GSI 0-23
Feb 02 08:00:32 ubuntu kernel: ACPI: INT_SRC_OVR (bus 0 bus_irq 0 global_irq 2 dfl dfl)
Feb 02 08:00:32 ubuntu kernel: ACPI: INT_SRC_OVR (bus 0 bus_irq 9 global_irq 9 low level)
Feb 02 08:00:32 ubuntu kernel: ACPI: IRQ0 used by override.
Feb 02 08:00:32 ubuntu kernel: ACPI: IRQ9 used by override.
Feb 02 08:00:32 ubuntu kernel: Using ACPI (MADT) for SMP configuration information
Feb 02 08:00:32 ubuntu kernel: smpboot: Allowing 2 CPUs, 0 hotplug CPUs
Feb 02 08:00:32 ubuntu kernel: PM: Registered nosave memory: [mem 0x00000000-0x00000fff]
Feb 02 08:00:32 ubuntu kernel: PM: Registered nosave memory: [mem 0x0009f000-0x0009ffff]
Feb 02 08:00:32 ubuntu kernel: PM: Registered nosave memory: [mem 0x000a0000-0x000effff]
Feb 02 08:00:32 ubuntu kernel: PM: Registered nosave memory: [mem 0x000f0000-0x000fffff]
Feb 02 08:00:32 ubuntu kernel: [mem 0x40000000-0xfebfffff] available for PCI devices
Feb 02 08:00:32 ubuntu kernel: Booting paravirtualized kernel on KVM
Feb 02 08:00:32 ubuntu kernel: clocksource: refined-jiffies: mask: 0xffffffff max_cycles: 0xffffffff, max_idle_ns: 7645519600211568 ns
Feb 02 08:00:32 ubuntu kernel: setup_percpu: NR_CPUS:8192 nr_cpumask_bits:2 nr_cpu_ids:2 nr_node_ids:1
Feb 02 08:00:32 ubuntu kernel: percpu: Embedded 55 pages/cpu s188416 r8192 d28672 u1048576
Feb 02 08:00:32 ubuntu kernel: pcpu-alloc: s188416 r8192 d28672 u1048576 alloc=1*2097152
Feb 02 08:00:32 ubuntu kernel: pcpu-alloc: [0] 0 1 
Feb 02 08:00:32 ubuntu kernel: PV qspinlock hash table entries: 256 (order: 0, 4096 bytes, linear)
Feb 02 08:00:32 ubuntu kernel: Built 1 zonelists, mobility grouping on.  Total pages: 257913
Feb 02 08:00:32 ubuntu kernel: Policy zone: DMA32
Feb 02 08:00:32 ubuntu kernel: Kernel command line: BOOT_IMAGE=/boot/vmlinuz-5.4.0-65-generic root=PARTUUID=1ba7bcea-01 ro console=tty1 console=ttyS0
Feb 02 08:00:32 ubuntu kernel: Dentry cache hash table entries: 131072 (order: 8, 1048576 bytes, linear)
Feb 02 08:00:32 ubuntu kernel: Inode-cache hash table entries: 65536 (order: 7, 524288 bytes, linear)
Feb 02 08:00:32 ubuntu kernel: mem auto-init: stack:off, heap alloc:on, heap free:off
Feb 02 08:00:32 ubuntu kernel: Calgary: detecting Calgary via BIOS EBDA area
Feb 02 08:00:32 ubuntu kernel: Calgary: Unable to locate Rio Grande table in EBDA - bailing!
Feb 02 08:00:32 ubuntu kernel: Memory: 970288K/1048120K available (14339K kernel code, 2399K rwdata, 4960K rodata, 2724K init, 4980K bss, 77832K reserved, 0K cma-reserved)
Feb 02 08:00:32 ubuntu kernel: random: get_random_u64 called from kmem_cache_open+0x2d/0x410 with crng_init=0
Feb 02 08:00:32 ubuntu kernel: SLUB: HWalign=64, Order=0-3, MinObjects=0, CPUs=2, Nodes=1
Feb 02 08:00:32 ubuntu kernel: Kernel/User page tables isolation: enabled
Feb 02 08:00:32 ubuntu kernel: ftrace: allocating 44555 entries in 175 pages
Feb 02 08:00:32 ubuntu kernel: rcu: Hierarchical RCU implementation.
Feb 02 08:00:32 ubuntu kernel: rcu:         RCU restricting CPUs from NR_CPUS=8192 to nr_cpu_ids=2.
Feb 02 08:00:32 ubuntu kernel:         Tasks RCU enabled.
Feb 02 08:00:32 ubuntu kernel: rcu: RCU calculated value of scheduler-enlistment delay is 25 jiffies.
Feb 02 08:00:32 ubuntu kernel: rcu: Adjusting geometry for rcu_fanout_leaf=16, nr_cpu_ids=2
Feb 02 08:00:32 ubuntu kernel: NR_IRQS: 524544, nr_irqs: 440, preallocated irqs: 16
Feb 02 08:00:32 ubuntu kernel: random: crng done (trusting CPU's manufacturer)
Feb 02 08:00:32 ubuntu kernel: Console: colour VGA+ 80x25
Feb 02 08:00:32 ubuntu kernel: printk: console [tty1] enabled
Feb 02 08:00:32 ubuntu kernel: printk: console [ttyS0] enabled
Feb 02 08:00:32 ubuntu kernel: ACPI: Core revision 20190816
Feb 02 08:00:32 ubuntu kernel: APIC: Switch to symmetric I/O mode setup
Feb 02 08:00:32 ubuntu kernel: x2apic enabled
Feb 02 08:00:32 ubuntu kernel: Switched APIC routing to physical x2apic.
Feb 02 08:00:32 ubuntu kernel: ..TIMER: vector=0x30 apic1=0 pin1=2 apic2=-1 pin2=-1
Feb 02 08:00:32 ubuntu kernel: clocksource: tsc-early: mask: 0xffffffffffffffff max_cycles: 0x2135ca8caae, max_idle_ns: 440795225410 ns
Feb 02 08:00:32 ubuntu kernel: Calibrating delay loop (skipped) preset value.. 4607.90 BogoMIPS (lpj=9215808)
Feb 02 08:00:32 ubuntu kernel: pid_max: default: 32768 minimum: 301
Feb 02 08:00:32 ubuntu kernel: LSM: Security Framework initializing
Feb 02 08:00:32 ubuntu kernel: Yama: becoming mindful.
Feb 02 08:00:32 ubuntu kernel: AppArmor: AppArmor initialized
Feb 02 08:00:32 ubuntu kernel: Mount-cache hash table entries: 2048 (order: 2, 16384 bytes, linear)
Feb 02 08:00:32 ubuntu kernel: Mountpoint-cache hash table entries: 2048 (order: 2, 16384 bytes, linear)
Feb 02 08:00:32 ubuntu kernel: *** VALIDATE tmpfs ***
Feb 02 08:00:32 ubuntu kernel: *** VALIDATE proc ***
Feb 02 08:00:32 ubuntu kernel: *** VALIDATE cgroup1 ***
Feb 02 08:00:32 ubuntu kernel: *** VALIDATE cgroup2 ***
Feb 02 08:00:32 ubuntu kernel: Last level iTLB entries: 4KB 64, 2MB 8, 4MB 8
Feb 02 08:00:32 ubuntu kernel: Last level dTLB entries: 4KB 64, 2MB 0, 4MB 0, 1GB 4
Feb 02 08:00:32 ubuntu kernel: Spectre V1 : Mitigation: usercopy/swapgs barriers and __user pointer sanitization
Feb 02 08:00:32 ubuntu kernel: Spectre V2 : Mitigation: Full generic retpoline
Feb 02 08:00:32 ubuntu kernel: Spectre V2 : Spectre v2 / SpectreRSB mitigation: Filling RSB on context switch
Feb 02 08:00:32 ubuntu kernel: Speculative Store Bypass: Vulnerable
Feb 02 08:00:32 ubuntu kernel: SRBDS: Unknown: Dependent on hypervisor status
Feb 02 08:00:32 ubuntu kernel: MDS: Mitigation: Clear CPU buffers
Feb 02 08:00:32 ubuntu kernel: Freeing SMP alternatives memory: 40K
Feb 02 08:00:32 ubuntu kernel: smpboot: CPU0: Intel(R) Core(TM) i7-10510U CPU @ 1.80GHz (family: 0x6, model: 0x8e, stepping: 0xc)
Feb 02 08:00:32 ubuntu kernel: Performance Events: unsupported p6 CPU model 142 no PMU driver, software events only.
Feb 02 08:00:32 ubuntu kernel: rcu: Hierarchical SRCU implementation.
Feb 02 08:00:32 ubuntu kernel: NMI watchdog: Perf NMI watchdog permanently disabled
Feb 02 08:00:32 ubuntu kernel: smp: Bringing up secondary CPUs ...
Feb 02 08:00:32 ubuntu kernel: x86: Booting SMP configuration:
Feb 02 08:00:32 ubuntu kernel: .... node  #0, CPUs:      #1
Feb 02 08:00:32 ubuntu kernel: kvm-clock: cpu 1, msr 9c01041, secondary cpu clock
Feb 02 08:00:32 ubuntu kernel: smp: Brought up 1 node, 2 CPUs
Feb 02 08:00:32 ubuntu kernel: smpboot: Max logical packages: 1
Feb 02 08:00:32 ubuntu kernel: smpboot: Total of 2 processors activated (9215.80 BogoMIPS)
Feb 02 08:00:32 ubuntu kernel: devtmpfs: initialized
Feb 02 08:00:32 ubuntu kernel: x86/mm: Memory block size: 128MB
Feb 02 08:00:32 ubuntu kernel: clocksource: jiffies: mask: 0xffffffff max_cycles: 0xffffffff, max_idle_ns: 7645041785100000 ns
Feb 02 08:00:32 ubuntu kernel: futex hash table entries: 512 (order: 3, 32768 bytes, linear)
Feb 02 08:00:32 ubuntu kernel: pinctrl core: initialized pinctrl subsystem
Feb 02 08:00:32 ubuntu kernel: PM: RTC time: 13:00:24, date: 2021-02-02
Feb 02 08:00:32 ubuntu kernel: NET: Registered protocol family 16
Feb 02 08:00:32 ubuntu kernel: audit: initializing netlink subsys (disabled)
Feb 02 08:00:32 ubuntu kernel: EISA bus registered
Feb 02 08:00:32 ubuntu kernel: audit: type=2000 audit(1612270830.283:1): state=initialized audit_enabled=0 res=1
Feb 02 08:00:32 ubuntu kernel: cpuidle: using governor ladder
Feb 02 08:00:32 ubuntu kernel: cpuidle: using governor menu
Feb 02 08:00:32 ubuntu kernel: ACPI: bus type PCI registered
Feb 02 08:00:32 ubuntu kernel: acpiphp: ACPI Hot Plug PCI Controller Driver version: 0.5
Feb 02 08:00:32 ubuntu kernel: PCI: Using configuration type 1 for base access
Feb 02 08:00:32 ubuntu kernel: HugeTLB registered 2.00 MiB page size, pre-allocated 0 pages
Feb 02 08:00:32 ubuntu kernel: ACPI: Added _OSI(Module Device)
Feb 02 08:00:32 ubuntu kernel: ACPI: Added _OSI(Processor Device)
Feb 02 08:00:32 ubuntu kernel: ACPI: Added _OSI(3.0 _SCP Extensions)
Feb 02 08:00:32 ubuntu kernel: ACPI: Added _OSI(Processor Aggregator Device)
Feb 02 08:00:32 ubuntu kernel: ACPI: Added _OSI(Linux-Dell-Video)
Feb 02 08:00:32 ubuntu kernel: ACPI: Added _OSI(Linux-Lenovo-NV-HDMI-Audio)
Feb 02 08:00:32 ubuntu kernel: ACPI: Added _OSI(Linux-HPI-Hybrid-Graphics)
Feb 02 08:00:32 ubuntu kernel: ACPI: 2 ACPI AML tables successfully acquired and loaded
Feb 02 08:00:32 ubuntu kernel: ACPI: Interpreter enabled
Feb 02 08:00:32 ubuntu kernel: ACPI: (supports S0 S5)
Feb 02 08:00:32 ubuntu kernel: ACPI: Using IOAPIC for interrupt routing
Feb 02 08:00:32 ubuntu kernel: PCI: Using host bridge windows from ACPI; if necessary, use "pci=nocrs" and report a bug
Feb 02 08:00:32 ubuntu kernel: ACPI: Enabled 2 GPEs in block 00 to 07
Feb 02 08:00:32 ubuntu kernel: ACPI: PCI Root Bridge [PCI0] (domain 0000 [bus 00-ff])
Feb 02 08:00:32 ubuntu kernel: acpi PNP0A03:00: _OSC: OS supports [ASPM ClockPM Segments MSI HPX-Type3]
Feb 02 08:00:32 ubuntu kernel: acpi PNP0A03:00: _OSC: not requesting OS control; OS requires [ExtendedConfig ASPM ClockPM MSI]
Feb 02 08:00:32 ubuntu kernel: acpi PNP0A03:00: fail to add MMCONFIG information, can't access extended PCI configuration space under this bridge.
Feb 02 08:00:32 ubuntu kernel: PCI host bridge to bus 0000:00
Feb 02 08:00:32 ubuntu kernel: pci_bus 0000:00: root bus resource [io  0x0000-0x0cf7 window]
Feb 02 08:00:32 ubuntu kernel: pci_bus 0000:00: root bus resource [io  0x0d00-0xffff window]
Feb 02 08:00:32 ubuntu kernel: pci_bus 0000:00: root bus resource [mem 0x000a0000-0x000bffff window]
Feb 02 08:00:32 ubuntu kernel: pci_bus 0000:00: root bus resource [mem 0x40000000-0xfdffffff window]
Feb 02 08:00:32 ubuntu kernel: pci_bus 0000:00: root bus resource [bus 00-ff]
Feb 02 08:00:32 ubuntu kernel: pci 0000:00:00.0: [8086:1237] type 00 class 0x060000
Feb 02 08:00:32 ubuntu kernel: pci 0000:00:01.0: [8086:7000] type 00 class 0x060100
Feb 02 08:00:32 ubuntu kernel: pci 0000:00:01.1: [8086:7111] type 00 class 0x01018a
Feb 02 08:00:32 ubuntu kernel: pci 0000:00:01.1: reg 0x20: [io  0xd000-0xd00f]
Feb 02 08:00:32 ubuntu kernel: pci 0000:00:01.1: legacy IDE quirk: reg 0x10: [io  0x01f0-0x01f7]
Feb 02 08:00:32 ubuntu kernel: pci 0000:00:01.1: legacy IDE quirk: reg 0x14: [io  0x03f6]
Feb 02 08:00:32 ubuntu kernel: pci 0000:00:01.1: legacy IDE quirk: reg 0x18: [io  0x0170-0x0177]
Feb 02 08:00:32 ubuntu kernel: pci 0000:00:01.1: legacy IDE quirk: reg 0x1c: [io  0x0376]
Feb 02 08:00:32 ubuntu kernel: pci 0000:00:02.0: [80ee:beef] type 00 class 0x030000
Feb 02 08:00:32 ubuntu kernel: pci 0000:00:02.0: reg 0x10: [mem 0xe0000000-0xe0ffffff pref]
Feb 02 08:00:32 ubuntu kernel: pci 0000:00:03.0: [8086:100e] type 00 class 0x020000
Feb 02 08:00:32 ubuntu kernel: pci 0000:00:03.0: reg 0x10: [mem 0xf0000000-0xf001ffff]
Feb 02 08:00:32 ubuntu kernel: pci 0000:00:03.0: reg 0x18: [io  0xd010-0xd017]
Feb 02 08:00:32 ubuntu kernel: pci 0000:00:04.0: [80ee:cafe] type 00 class 0x088000
Feb 02 08:00:32 ubuntu kernel: pci 0000:00:04.0: reg 0x10: [io  0xd020-0xd03f]
Feb 02 08:00:32 ubuntu kernel: pci 0000:00:04.0: reg 0x14: [mem 0xf0400000-0xf07fffff]
Feb 02 08:00:32 ubuntu kernel: pci 0000:00:04.0: reg 0x18: [mem 0xf0800000-0xf0803fff pref]
Feb 02 08:00:32 ubuntu kernel: pci 0000:00:05.0: [8086:2415] type 00 class 0x040100
Feb 02 08:00:32 ubuntu kernel: pci 0000:00:05.0: reg 0x10: [io  0xd100-0xd1ff]
Feb 02 08:00:32 ubuntu kernel: pci 0000:00:05.0: reg 0x14: [io  0xd200-0xd23f]
Feb 02 08:00:32 ubuntu kernel: pci 0000:00:07.0: [8086:7113] type 00 class 0x068000
Feb 02 08:00:32 ubuntu kernel: pci 0000:00:07.0: quirk: [io  0x4000-0x403f] claimed by PIIX4 ACPI
Feb 02 08:00:32 ubuntu kernel: pci 0000:00:07.0: quirk: [io  0x4100-0x410f] claimed by PIIX4 SMB
Feb 02 08:00:32 ubuntu kernel: pci 0000:00:14.0: [1000:0030] type 00 class 0x010000
Feb 02 08:00:32 ubuntu kernel: pci 0000:00:14.0: reg 0x10: [io  0xd300-0xd3ff]
Feb 02 08:00:32 ubuntu kernel: pci 0000:00:14.0: reg 0x14: [mem 0xf0820000-0xf083ffff]
Feb 02 08:00:32 ubuntu kernel: pci 0000:00:14.0: reg 0x18: [mem 0xf0840000-0xf085ffff]
Feb 02 08:00:32 ubuntu kernel: ACPI: PCI Interrupt Link [LNKA] (IRQs 5 9 10 *11)
Feb 02 08:00:32 ubuntu kernel: ACPI: PCI Interrupt Link [LNKB] (IRQs 5 9 *10 11)
Feb 02 08:00:32 ubuntu kernel: ACPI: PCI Interrupt Link [LNKC] (IRQs 5 *9 10 11)
Feb 02 08:00:32 ubuntu kernel: ACPI: PCI Interrupt Link [LNKD] (IRQs 5 9 10 *11)
Feb 02 08:00:32 ubuntu kernel: iommu: Default domain type: Translated 
Feb 02 08:00:32 ubuntu kernel: SCSI subsystem initialized
Feb 02 08:00:32 ubuntu kernel: libata version 3.00 loaded.
Feb 02 08:00:32 ubuntu kernel: pci 0000:00:02.0: vgaarb: setting as boot VGA device
Feb 02 08:00:32 ubuntu kernel: pci 0000:00:02.0: vgaarb: VGA device added: decodes=io+mem,owns=io+mem,locks=none
Feb 02 08:00:32 ubuntu kernel: pci 0000:00:02.0: vgaarb: bridge control possible
Feb 02 08:00:32 ubuntu kernel: vgaarb: loaded
Feb 02 08:00:32 ubuntu kernel: ACPI: bus type USB registered
Feb 02 08:00:32 ubuntu kernel: usbcore: registered new interface driver usbfs
Feb 02 08:00:32 ubuntu kernel: usbcore: registered new interface driver hub
Feb 02 08:00:32 ubuntu kernel: usbcore: registered new device driver usb
Feb 02 08:00:32 ubuntu kernel: pps_core: LinuxPPS API ver. 1 registered
Feb 02 08:00:32 ubuntu kernel: pps_core: Software ver. 5.3.6 - Copyright 2005-2007 Rodolfo Giometti <giometti@linux.it>
Feb 02 08:00:32 ubuntu kernel: PTP clock support registered
Feb 02 08:00:32 ubuntu kernel: EDAC MC: Ver: 3.0.0
Feb 02 08:00:32 ubuntu kernel: PCI: Using ACPI for IRQ routing
Feb 02 08:00:32 ubuntu kernel: PCI: pci_cache_line_size set to 64 bytes
Feb 02 08:00:32 ubuntu kernel: e820: reserve RAM buffer [mem 0x0009fc00-0x0009ffff]
Feb 02 08:00:32 ubuntu kernel: e820: reserve RAM buffer [mem 0x3fff0000-0x3fffffff]
Feb 02 08:00:32 ubuntu kernel: NetLabel: Initializing
Feb 02 08:00:32 ubuntu kernel: NetLabel:  domain hash size = 128
Feb 02 08:00:32 ubuntu kernel: NetLabel:  protocols = UNLABELED CIPSOv4 CALIPSO
Feb 02 08:00:32 ubuntu kernel: NetLabel:  unlabeled traffic allowed by default
Feb 02 08:00:32 ubuntu kernel: clocksource: Switched to clocksource kvm-clock
Feb 02 08:00:32 ubuntu kernel: *** VALIDATE bpf ***
Feb 02 08:00:32 ubuntu kernel: VFS: Disk quotas dquot_6.6.0
Feb 02 08:00:32 ubuntu kernel: VFS: Dquot-cache hash table entries: 512 (order 0, 4096 bytes)
Feb 02 08:00:32 ubuntu kernel: *** VALIDATE ramfs ***
Feb 02 08:00:32 ubuntu kernel: *** VALIDATE hugetlbfs ***
Feb 02 08:00:32 ubuntu kernel: AppArmor: AppArmor Filesystem Enabled
Feb 02 08:00:32 ubuntu kernel: pnp: PnP ACPI init
Feb 02 08:00:32 ubuntu kernel: pnp 00:00: Plug and Play ACPI device, IDs PNP0303 (active)
Feb 02 08:00:32 ubuntu kernel: pnp 00:01: Plug and Play ACPI device, IDs PNP0f03 (active)
Feb 02 08:00:32 ubuntu kernel: pnp 00:02: Plug and Play ACPI device, IDs PNP0501 (active)
Feb 02 08:00:32 ubuntu kernel: pnp: PnP ACPI: found 3 devices
Feb 02 08:00:32 ubuntu kernel: thermal_sys: Registered thermal governor 'fair_share'
Feb 02 08:00:32 ubuntu kernel: thermal_sys: Registered thermal governor 'bang_bang'
Feb 02 08:00:32 ubuntu kernel: thermal_sys: Registered thermal governor 'step_wise'
Feb 02 08:00:32 ubuntu kernel: thermal_sys: Registered thermal governor 'user_space'
Feb 02 08:00:32 ubuntu kernel: thermal_sys: Registered thermal governor 'power_allocator'
Feb 02 08:00:32 ubuntu kernel: clocksource: acpi_pm: mask: 0xffffff max_cycles: 0xffffff, max_idle_ns: 2085701024 ns
Feb 02 08:00:32 ubuntu kernel: pci_bus 0000:00: resource 4 [io  0x0000-0x0cf7 window]
Feb 02 08:00:32 ubuntu kernel: pci_bus 0000:00: resource 5 [io  0x0d00-0xffff window]
Feb 02 08:00:32 ubuntu kernel: pci_bus 0000:00: resource 6 [mem 0x000a0000-0x000bffff window]
Feb 02 08:00:32 ubuntu kernel: pci_bus 0000:00: resource 7 [mem 0x40000000-0xfdffffff window]
Feb 02 08:00:32 ubuntu kernel: NET: Registered protocol family 2
Feb 02 08:00:32 ubuntu kernel: tcp_listen_portaddr_hash hash table entries: 512 (order: 1, 8192 bytes, linear)
Feb 02 08:00:32 ubuntu kernel: TCP established hash table entries: 8192 (order: 4, 65536 bytes, linear)
Feb 02 08:00:32 ubuntu kernel: TCP bind hash table entries: 8192 (order: 5, 131072 bytes, linear)
Feb 02 08:00:32 ubuntu kernel: TCP: Hash tables configured (established 8192 bind 8192)
Feb 02 08:00:32 ubuntu kernel: UDP hash table entries: 512 (order: 2, 16384 bytes, linear)
Feb 02 08:00:32 ubuntu kernel: UDP-Lite hash table entries: 512 (order: 2, 16384 bytes, linear)
Feb 02 08:00:32 ubuntu kernel: NET: Registered protocol family 1
Feb 02 08:00:32 ubuntu kernel: NET: Registered protocol family 44
Feb 02 08:00:32 ubuntu kernel: pci 0000:00:00.0: Limiting direct PCI/PCI transfers
Feb 02 08:00:32 ubuntu kernel: pci 0000:00:01.0: Activating ISA DMA hang workarounds
Feb 02 08:00:32 ubuntu kernel: pci 0000:00:02.0: Video device with shadowed ROM at [mem 0x000c0000-0x000dffff]
Feb 02 08:00:32 ubuntu kernel: PCI: CLS 0 bytes, default 64
Feb 02 08:00:32 ubuntu kernel: Trying to unpack rootfs image as initramfs...
Feb 02 08:00:32 ubuntu kernel: Freeing initrd memory: 26340K
Feb 02 08:00:32 ubuntu kernel: clocksource: tsc: mask: 0xffffffffffffffff max_cycles: 0x2135ca8caae, max_idle_ns: 440795225410 ns
Feb 02 08:00:32 ubuntu kernel: clocksource: Switched to clocksource tsc
Feb 02 08:00:32 ubuntu kernel: platform rtc_cmos: registered platform RTC device (no PNP device found)
Feb 02 08:00:32 ubuntu kernel: check: Scanning for low memory corruption every 60 seconds
Feb 02 08:00:32 ubuntu kernel: Initialise system trusted keyrings
Feb 02 08:00:32 ubuntu kernel: Key type blacklist registered
Feb 02 08:00:32 ubuntu kernel: workingset: timestamp_bits=36 max_order=18 bucket_order=0
Feb 02 08:00:32 ubuntu kernel: zbud: loaded
Feb 02 08:00:32 ubuntu kernel: squashfs: version 4.0 (2009/01/31) Phillip Lougher
Feb 02 08:00:32 ubuntu kernel: fuse: init (API version 7.31)
Feb 02 08:00:32 ubuntu kernel: *** VALIDATE fuse ***
Feb 02 08:00:32 ubuntu kernel: *** VALIDATE fuse ***
Feb 02 08:00:32 ubuntu kernel: Platform Keyring initialized
Feb 02 08:00:32 ubuntu kernel: Key type asymmetric registered
Feb 02 08:00:32 ubuntu kernel: Asymmetric key parser 'x509' registered
Feb 02 08:00:32 ubuntu kernel: Block layer SCSI generic (bsg) driver version 0.4 loaded (major 244)
Feb 02 08:00:32 ubuntu kernel: io scheduler mq-deadline registered
Feb 02 08:00:32 ubuntu kernel: shpchp: Standard Hot Plug PCI Controller Driver version: 0.4
Feb 02 08:00:32 ubuntu kernel: intel_idle: Please enable MWAIT in BIOS SETUP
Feb 02 08:00:32 ubuntu kernel: ACPI: AC Adapter [AC] (off-line)
Feb 02 08:00:32 ubuntu kernel: input: Power Button as /devices/LNXSYSTM:00/LNXPWRBN:00/input/input0
Feb 02 08:00:32 ubuntu kernel: ACPI: Power Button [PWRF]
Feb 02 08:00:32 ubuntu kernel: input: Sleep Button as /devices/LNXSYSTM:00/LNXSLPBN:00/input/input1
Feb 02 08:00:32 ubuntu kernel: ACPI: Sleep Button [SLPF]
Feb 02 08:00:32 ubuntu kernel: Serial: 8250/16550 driver, 32 ports, IRQ sharing enabled
Feb 02 08:00:32 ubuntu kernel: battery: ACPI: Battery Slot [BAT0] (battery present)
Feb 02 08:00:32 ubuntu kernel: 00:02: ttyS0 at I/O 0x3f8 (irq = 4, base_baud = 115200) is a 16550A
Feb 02 08:00:32 ubuntu kernel: Linux agpgart interface v0.103
Feb 02 08:00:32 ubuntu kernel: loop: module loaded
Feb 02 08:00:32 ubuntu kernel: ata_piix 0000:00:01.1: version 2.13
Feb 02 08:00:32 ubuntu kernel: scsi host0: ata_piix
Feb 02 08:00:32 ubuntu kernel: scsi host1: ata_piix
Feb 02 08:00:32 ubuntu kernel: ata1: PATA max UDMA/33 cmd 0x1f0 ctl 0x3f6 bmdma 0xd000 irq 14
Feb 02 08:00:32 ubuntu kernel: ata2: PATA max UDMA/33 cmd 0x170 ctl 0x376 bmdma 0xd008 irq 15
Feb 02 08:00:32 ubuntu kernel: libphy: Fixed MDIO Bus: probed
Feb 02 08:00:32 ubuntu kernel: tun: Universal TUN/TAP device driver, 1.6
Feb 02 08:00:32 ubuntu kernel: PPP generic driver version 2.4.2
Feb 02 08:00:32 ubuntu kernel: VFIO - User Level meta-driver version: 0.3
Feb 02 08:00:32 ubuntu kernel: ehci_hcd: USB 2.0 'Enhanced' Host Controller (EHCI) Driver
Feb 02 08:00:32 ubuntu kernel: ehci-pci: EHCI PCI platform driver
Feb 02 08:00:32 ubuntu kernel: ehci-platform: EHCI generic platform driver
Feb 02 08:00:32 ubuntu kernel: ohci_hcd: USB 1.1 'Open' Host Controller (OHCI) Driver
Feb 02 08:00:32 ubuntu kernel: ohci-pci: OHCI PCI platform driver
Feb 02 08:00:32 ubuntu kernel: ohci-platform: OHCI generic platform driver
Feb 02 08:00:32 ubuntu kernel: uhci_hcd: USB Universal Host Controller Interface driver
Feb 02 08:00:32 ubuntu kernel: i8042: PNP: PS/2 Controller [PNP0303:PS2K,PNP0f03:PS2M] at 0x60,0x64 irq 1,12
Feb 02 08:00:32 ubuntu kernel: serio: i8042 KBD port at 0x60,0x64 irq 1
Feb 02 08:00:32 ubuntu kernel: serio: i8042 AUX port at 0x60,0x64 irq 12
Feb 02 08:00:32 ubuntu kernel: mousedev: PS/2 mouse device common for all mice
Feb 02 08:00:32 ubuntu kernel: input: AT Translated Set 2 keyboard as /devices/platform/i8042/serio0/input/input2
Feb 02 08:00:32 ubuntu kernel: rtc_cmos rtc_cmos: registered as rtc0
Feb 02 08:00:32 ubuntu kernel: rtc_cmos rtc_cmos: alarms up to one day, 114 bytes nvram
Feb 02 08:00:32 ubuntu kernel: i2c /dev entries driver
Feb 02 08:00:32 ubuntu kernel: device-mapper: uevent: version 1.0.3
Feb 02 08:00:32 ubuntu kernel: device-mapper: ioctl: 4.41.0-ioctl (2019-09-16) initialised: dm-devel@redhat.com
Feb 02 08:00:32 ubuntu kernel: platform eisa.0: Probing EISA bus 0
Feb 02 08:00:32 ubuntu kernel: platform eisa.0: EISA: Cannot allocate resource for mainboard
Feb 02 08:00:32 ubuntu kernel: platform eisa.0: Cannot allocate resource for EISA slot 1
Feb 02 08:00:32 ubuntu kernel: platform eisa.0: Cannot allocate resource for EISA slot 2
Feb 02 08:00:32 ubuntu kernel: platform eisa.0: Cannot allocate resource for EISA slot 3
Feb 02 08:00:32 ubuntu kernel: platform eisa.0: Cannot allocate resource for EISA slot 4
Feb 02 08:00:32 ubuntu kernel: platform eisa.0: Cannot allocate resource for EISA slot 5
Feb 02 08:00:32 ubuntu kernel: platform eisa.0: Cannot allocate resource for EISA slot 6
Feb 02 08:00:32 ubuntu kernel: platform eisa.0: Cannot allocate resource for EISA slot 7
Feb 02 08:00:32 ubuntu kernel: platform eisa.0: Cannot allocate resource for EISA slot 8
Feb 02 08:00:32 ubuntu kernel: platform eisa.0: EISA: Detected 0 cards
Feb 02 08:00:32 ubuntu kernel: intel_pstate: CPU model not supported
Feb 02 08:00:32 ubuntu kernel: ledtrig-cpu: registered to indicate activity on CPUs
Feb 02 08:00:32 ubuntu kernel: intel_pmc_core intel_pmc_core.0:  initialized
Feb 02 08:00:32 ubuntu kernel: drop_monitor: Initializing network drop monitor service
Feb 02 08:00:32 ubuntu kernel: NET: Registered protocol family 10
Feb 02 08:00:32 ubuntu kernel: Segment Routing with IPv6
Feb 02 08:00:32 ubuntu kernel: NET: Registered protocol family 17
Feb 02 08:00:32 ubuntu kernel: Key type dns_resolver registered
Feb 02 08:00:32 ubuntu kernel: RAS: Correctable Errors collector initialized.
Feb 02 08:00:32 ubuntu kernel: IPI shorthand broadcast: enabled
Feb 02 08:00:32 ubuntu kernel: sched_clock: Marking stable (748398952, 137443704)->(892121530, -6278874)
Feb 02 08:00:32 ubuntu kernel: registered taskstats version 1
Feb 02 08:00:32 ubuntu kernel: Loading compiled-in X.509 certificates
Feb 02 08:00:32 ubuntu kernel: Loaded X.509 cert 'Build time autogenerated kernel key: 254611168742f91faa32f8ad6a92fc903145caeb'
Feb 02 08:00:32 ubuntu kernel: zswap: loaded using pool lzo/zbud
Feb 02 08:00:32 ubuntu kernel: Key type ._fscrypt registered
Feb 02 08:00:32 ubuntu kernel: Key type .fscrypt registered
Feb 02 08:00:32 ubuntu kernel: Key type big_key registered
Feb 02 08:00:32 ubuntu kernel: Key type encrypted registered
Feb 02 08:00:32 ubuntu kernel: AppArmor: AppArmor sha1 policy hashing enabled
Feb 02 08:00:32 ubuntu kernel: ima: No TPM chip found, activating TPM-bypass!
Feb 02 08:00:32 ubuntu kernel: ima: Allocated hash algorithm: sha1
Feb 02 08:00:32 ubuntu kernel: ima: No architecture policies found
Feb 02 08:00:32 ubuntu kernel: evm: Initialising EVM extended attributes:
Feb 02 08:00:32 ubuntu kernel: evm: security.selinux
Feb 02 08:00:32 ubuntu kernel: evm: security.SMACK64
Feb 02 08:00:32 ubuntu kernel: evm: security.SMACK64EXEC
Feb 02 08:00:32 ubuntu kernel: evm: security.SMACK64TRANSMUTE
Feb 02 08:00:32 ubuntu kernel: evm: security.SMACK64MMAP
Feb 02 08:00:32 ubuntu kernel: evm: security.apparmor
Feb 02 08:00:32 ubuntu kernel: evm: security.ima
Feb 02 08:00:32 ubuntu kernel: evm: security.capability
Feb 02 08:00:32 ubuntu kernel: evm: HMAC attrs: 0x1
Feb 02 08:00:32 ubuntu kernel: PM:   Magic number: 9:463:27
Feb 02 08:00:32 ubuntu kernel: rtc_cmos rtc_cmos: setting system clock to 2021-02-02T13:00:25 UTC (1612270825)
Feb 02 08:00:32 ubuntu kernel: Freeing unused decrypted memory: 2040K
Feb 02 08:00:32 ubuntu kernel: Freeing unused kernel image memory: 2724K
Feb 02 08:00:32 ubuntu kernel: Write protecting the kernel read-only data: 22528k
Feb 02 08:00:32 ubuntu kernel: Freeing unused kernel image memory: 2008K
Feb 02 08:00:32 ubuntu kernel: Freeing unused kernel image memory: 1184K
Feb 02 08:00:32 ubuntu kernel: x86/mm: Checked W+X mappings: passed, no W+X pages found.
Feb 02 08:00:32 ubuntu kernel: x86/mm: Checking user space page tables
Feb 02 08:00:32 ubuntu kernel: x86/mm: Checked W+X mappings: passed, no W+X pages found.
Feb 02 08:00:32 ubuntu kernel: Run /init as init process
Feb 02 08:00:32 ubuntu kernel: e1000: Intel(R) PRO/1000 Network Driver - version 7.3.21-k8-NAPI
Feb 02 08:00:32 ubuntu kernel: e1000: Copyright (c) 1999-2006 Intel Corporation.
Feb 02 08:00:32 ubuntu kernel: Fusion MPT base driver 3.04.20
Feb 02 08:00:32 ubuntu kernel: Copyright (c) 1999-2008 LSI Corporation
Feb 02 08:00:32 ubuntu kernel: cryptd: max_cpu_qlen set to 1000
Feb 02 08:00:32 ubuntu kernel: AVX2 version of gcm_enc/dec engaged.
Feb 02 08:00:32 ubuntu kernel: AES CTR mode by8 optimization enabled
Feb 02 08:00:32 ubuntu kernel: Fusion MPT SPI Host driver 3.04.20
Feb 02 08:00:32 ubuntu kernel: mptbase: ioc0: Initiating bringup
Feb 02 08:00:32 ubuntu kernel: ioc0: LSI53C1030 A0: Capabilities={Initiator}
Feb 02 08:00:32 ubuntu kernel: input: ImExPS/2 Generic Explorer Mouse as /devices/platform/i8042/serio1/input/input4
Feb 02 08:00:32 ubuntu kernel: scsi host2: ioc0: LSI53C1030 A0, FwRev=00000000h, Ports=1, MaxQ=256, IRQ=20
Feb 02 08:00:32 ubuntu kernel: e1000 0000:00:03.0 eth0: (PCI:33MHz:32-bit) 02:8d:5d:c1:d8:cf
Feb 02 08:00:32 ubuntu kernel: e1000 0000:00:03.0 eth0: Intel(R) PRO/1000 Network Connection
Feb 02 08:00:32 ubuntu kernel: e1000 0000:00:03.0 enp0s3: renamed from eth0
Feb 02 08:00:32 ubuntu kernel: scsi 2:0:0:0: Direct-Access     VBOX     HARDDISK         1.0  PQ: 0 ANSI: 5
Feb 02 08:00:32 ubuntu kernel: scsi target2:0:0: Beginning Domain Validation
Feb 02 08:00:32 ubuntu kernel: scsi target2:0:0: Domain Validation skipping write tests
Feb 02 08:00:32 ubuntu kernel: scsi target2:0:0: Ending Domain Validation
Feb 02 08:00:32 ubuntu kernel: scsi target2:0:0: asynchronous
Feb 02 08:00:32 ubuntu kernel: scsi 2:0:1:0: Direct-Access     VBOX     HARDDISK         1.0  PQ: 0 ANSI: 5
Feb 02 08:00:32 ubuntu kernel: scsi target2:0:1: Beginning Domain Validation
Feb 02 08:00:32 ubuntu kernel: scsi target2:0:1: Domain Validation skipping write tests
Feb 02 08:00:32 ubuntu kernel: scsi target2:0:1: Ending Domain Validation
Feb 02 08:00:32 ubuntu kernel: scsi target2:0:1: asynchronous
Feb 02 08:00:32 ubuntu kernel: sd 2:0:0:0: Attached scsi generic sg0 type 0
Feb 02 08:00:32 ubuntu kernel: sd 2:0:0:0: [sda] 83886080 512-byte logical blocks: (42.9 GB/40.0 GiB)
Feb 02 08:00:32 ubuntu kernel: sd 2:0:0:0: [sda] Write Protect is off
Feb 02 08:00:32 ubuntu kernel: sd 2:0:0:0: [sda] Mode Sense: 04 00 10 00
Feb 02 08:00:32 ubuntu kernel: sd 2:0:0:0: [sda] Incomplete mode parameter data
Feb 02 08:00:32 ubuntu kernel: sd 2:0:0:0: [sda] Assuming drive cache: write through
Feb 02 08:00:32 ubuntu kernel: sd 2:0:1:0: [sdb] 20480 512-byte logical blocks: (10.5 MB/10.0 MiB)
Feb 02 08:00:32 ubuntu kernel: sd 2:0:1:0: Attached scsi generic sg1 type 0
Feb 02 08:00:32 ubuntu kernel: sd 2:0:1:0: [sdb] Write Protect is off
Feb 02 08:00:32 ubuntu kernel: sd 2:0:1:0: [sdb] Mode Sense: 04 00 10 00
Feb 02 08:00:32 ubuntu kernel: sd 2:0:1:0: [sdb] Incomplete mode parameter data
Feb 02 08:00:32 ubuntu kernel: sd 2:0:1:0: [sdb] Assuming drive cache: write through
Feb 02 08:00:32 ubuntu kernel:  sda: sda1
Feb 02 08:00:32 ubuntu kernel: sd 2:0:0:0: [sda] Attached SCSI disk
Feb 02 08:00:32 ubuntu kernel: sd 2:0:1:0: [sdb] Attached SCSI disk
Feb 02 08:00:32 ubuntu kernel: raid6: avx2x4   gen() 21348 MB/s
Feb 02 08:00:32 ubuntu kernel: raid6: avx2x4   xor() 13734 MB/s
Feb 02 08:00:32 ubuntu kernel: raid6: avx2x2   gen() 19412 MB/s
Feb 02 08:00:32 ubuntu kernel: raid6: avx2x2   xor() 12894 MB/s
Feb 02 08:00:32 ubuntu kernel: raid6: avx2x1   gen() 16695 MB/s
Feb 02 08:00:32 ubuntu kernel: raid6: avx2x1   xor()  9544 MB/s
Feb 02 08:00:32 ubuntu kernel: raid6: sse2x4   gen()  9673 MB/s
Feb 02 08:00:32 ubuntu kernel: raid6: sse2x4   xor()  6163 MB/s
Feb 02 08:00:32 ubuntu kernel: raid6: sse2x2   gen()  8282 MB/s
Feb 02 08:00:32 ubuntu kernel: raid6: sse2x2   xor()  5629 MB/s
Feb 02 08:00:32 ubuntu kernel: raid6: sse2x1   gen()  7203 MB/s
Feb 02 08:00:32 ubuntu kernel: raid6: sse2x1   xor()  3953 MB/s
Feb 02 08:00:32 ubuntu kernel: raid6: using algorithm avx2x4 gen() 21348 MB/s
Feb 02 08:00:32 ubuntu kernel: raid6: .... xor() 13734 MB/s, rmw enabled
Feb 02 08:00:32 ubuntu kernel: raid6: using avx2x2 recovery algorithm
Feb 02 08:00:32 ubuntu kernel: xor: automatically using best checksumming function   avx       
Feb 02 08:00:32 ubuntu kernel: async_tx: api initialized (async)
Feb 02 08:00:32 ubuntu kernel: Btrfs loaded, crc32c=crc32c-intel
Feb 02 08:00:32 ubuntu kernel: EXT4-fs (sda1): mounted filesystem with ordered data mode. Opts: (null)
Feb 02 08:00:32 ubuntu systemd[1]: Inserted module 'autofs4'
Feb 02 08:00:32 ubuntu systemd[1]: systemd 245.4-4ubuntu3.4 running in system mode. (+PAM +AUDIT +SELINUX +IMA +APPARMOR +SMACK +SYSVINIT +UTMP +LIBCRYPTSETUP +GCRYPT +GNUTLS +ACL +XZ +LZ4 +SECCOMP +BLKID +ELFUTILS +KMOD +IDN2 -IDN +PCRE2 default-hierarchy=hybrid)
Feb 02 08:00:32 ubuntu systemd[1]: Detected virtualization oracle.
Feb 02 08:00:32 ubuntu systemd[1]: Detected architecture x86-64.
Feb 02 08:00:32 ubuntu systemd[1]: Set hostname to <ubuntu>.
Feb 02 08:00:32 ubuntu systemd[1]: Initializing machine ID from random generator.
Feb 02 08:00:32 ubuntu systemd[1]: Installed transient /etc/machine-id file.
Feb 02 08:00:32 ubuntu systemd[1]: /lib/systemd/system/dbus.socket:5: ListenStream= references a path below legacy directory /var/run/, updating /var/run/dbus/system_bus_socket â†’ /run/dbus/system_bus_socket; please update the unit file accordingly.
Feb 02 08:00:32 ubuntu systemd[1]: Created slice system-modprobe.slice.
Feb 02 08:00:32 ubuntu systemd[1]: Created slice system-serial\x2dgetty.slice.
Feb 02 08:00:32 ubuntu systemd[1]: Created slice User and Session Slice.
Feb 02 08:00:32 ubuntu systemd[1]: Started Forward Password Requests to Wall Directory Watch.
Feb 02 08:00:32 ubuntu systemd[1]: Set up automount Arbitrary Executable File Formats File System Automount Point.
Feb 02 08:00:32 ubuntu systemd[1]: Reached target User and Group Name Lookups.
Feb 02 08:00:32 ubuntu systemd[1]: Reached target Slices.
Feb 02 08:00:32 ubuntu systemd[1]: Reached target Swap.
Feb 02 08:00:32 ubuntu systemd[1]: Reached target System Time Set.
Feb 02 08:00:32 ubuntu systemd[1]: Reached target System Time Synchronized.
Feb 02 08:00:32 ubuntu systemd[1]: Listening on Device-mapper event daemon FIFOs.
Feb 02 08:00:32 ubuntu systemd[1]: Listening on LVM2 poll daemon socket.
Feb 02 08:00:32 ubuntu systemd[1]: Listening on multipathd control socket.
Feb 02 08:00:32 ubuntu systemd[1]: Listening on Syslog Socket.
Feb 02 08:00:32 ubuntu systemd[1]: Listening on initctl Compatibility Named Pipe.
Feb 02 08:00:32 ubuntu systemd[1]: Listening on Journal Audit Socket.
Feb 02 08:00:32 ubuntu systemd[1]: Listening on Journal Socket (/dev/log).
Feb 02 08:00:32 ubuntu systemd[1]: Listening on Journal Socket.
Feb 02 08:00:32 ubuntu systemd[1]: Listening on Network Service Netlink Socket.
Feb 02 08:00:32 ubuntu systemd[1]: Listening on udev Control Socket.
Feb 02 08:00:32 ubuntu systemd[1]: Listening on udev Kernel Socket.
Feb 02 08:00:32 ubuntu systemd[1]: Mounting Huge Pages File System...
Feb 02 08:00:32 ubuntu systemd[1]: Mounting POSIX Message Queue File System...
Feb 02 08:00:32 ubuntu systemd[1]: Mounting Kernel Debug File System...
Feb 02 08:00:32 ubuntu systemd[1]: Mounting Kernel Trace File System...
Feb 02 08:00:32 ubuntu systemd[1]: Starting Journal Service...
Feb 02 08:00:32 ubuntu systemd[1]: Starting Set the console keyboard layout...
Feb 02 08:00:32 ubuntu systemd[1]: Starting Create list of static device nodes for the current kernel...
Feb 02 08:00:32 ubuntu systemd[1]: Starting Monitoring of LVM2 mirrors, snapshots etc. using dmeventd or progress polling...
Feb 02 08:00:32 ubuntu systemd[1]: Starting Load Kernel Module drm...
Feb 02 08:00:32 ubuntu systemd[1]: Condition check resulted in Set Up Additional Binary Formats being skipped.
Feb 02 08:00:32 ubuntu systemd[1]: Starting Load Kernel Modules...
Feb 02 08:00:32 ubuntu systemd[1]: Starting Remount Root and Kernel File Systems...
Feb 02 08:00:32 ubuntu kernel: EXT4-fs (sda1): re-mounted. Opts: (null)
Feb 02 08:00:32 ubuntu systemd[1]: Starting udev Coldplug all Devices...
Feb 02 08:00:32 ubuntu systemd[1]: Starting Uncomplicated firewall...
Feb 02 08:00:32 ubuntu systemd[1]: Mounted Huge Pages File System.
Feb 02 08:00:32 ubuntu systemd[1]: Mounted POSIX Message Queue File System.
Feb 02 08:00:32 ubuntu systemd[1]: Mounted Kernel Debug File System.
Feb 02 08:00:32 ubuntu systemd[1]: Mounted Kernel Trace File System.
Feb 02 08:00:32 ubuntu systemd[1]: Finished Create list of static device nodes for the current kernel.
Feb 02 08:00:32 ubuntu systemd[1]: Finished Monitoring of LVM2 mirrors, snapshots etc. using dmeventd or progress polling.
Feb 02 08:00:32 ubuntu systemd[1]: modprobe@drm.service: Succeeded.
Feb 02 08:00:32 ubuntu systemd[1]: Finished Load Kernel Module drm.
Feb 02 08:00:32 ubuntu systemd[1]: Finished Load Kernel Modules.
Feb 02 08:00:32 ubuntu systemd[1]: Finished Remount Root and Kernel File Systems.
Feb 02 08:00:32 ubuntu systemd[1]: Finished Uncomplicated firewall.
Feb 02 08:00:32 ubuntu systemd[1]: Mounting FUSE Control File System...
Feb 02 08:00:32 ubuntu systemd-journald[350]: Journal started
Feb 02 08:00:32 ubuntu systemd-journald[350]: Runtime Journal (/run/log/journal/a053b0b5b42548de8818448a7995d4b5) is 1.2M, max 9.8M, 8.5M free.
Feb 02 08:00:32 ubuntu systemd[1]: Mounting Kernel Configuration File System...
Feb 02 08:00:32 ubuntu systemd[1]: Condition check resulted in Rebuild Hardware Database being skipped.
Feb 02 08:00:32 ubuntu systemd[1]: Condition check resulted in Platform Persistent Storage Archival being skipped.
Feb 02 08:00:32 ubuntu systemd[1]: Starting Load/Save Random Seed...
Feb 02 08:00:32 ubuntu systemd[1]: Starting Apply Kernel Variables...
Feb 02 08:00:32 ubuntu systemd[1]: Starting Create System Users...
Feb 02 08:00:32 ubuntu systemd[1]: Started Journal Service.
Feb 02 08:00:32 ubuntu systemd[1]: Finished Set the console keyboard layout.
Feb 02 08:00:32 ubuntu systemd[1]: Mounted FUSE Control File System.
Feb 02 08:00:32 ubuntu systemd[1]: Mounted Kernel Configuration File System.
Feb 02 08:00:32 ubuntu systemd[1]: Finished Load/Save Random Seed.
Feb 02 08:00:32 ubuntu systemd-sysctl[369]: Not setting net/ipv4/conf/all/promote_secondaries (explicit setting exists).
Feb 02 08:00:32 ubuntu systemd-sysctl[369]: Not setting net/ipv4/conf/default/promote_secondaries (explicit setting exists).
Feb 02 08:00:32 ubuntu systemd-sysusers[370]: Creating group systemd-coredump with gid 999.
Feb 02 08:00:32 ubuntu systemd-sysusers[370]: Creating user systemd-coredump (systemd Core Dumper) with uid 999 and gid 999.
Feb 02 08:00:32 ubuntu systemd[1]: Starting Flush Journal to Persistent Storage...
Feb 02 08:00:32 ubuntu systemd[1]: Finished Create System Users.
Feb 02 08:00:32 ubuntu systemd-journald[350]: Time spent on flushing to /var/log/journal/a053b0b5b42548de8818448a7995d4b5 is 3.640ms for 528 entries.
Feb 02 08:00:32 ubuntu systemd-journald[350]: System Journal (/var/log/journal/a053b0b5b42548de8818448a7995d4b5) is 8.0M, max 211.5M, 203.5M free.
Feb 02 08:00:32 ubuntu systemd[1]: Starting Create Static Device Nodes in /dev...
Feb 02 08:00:32 ubuntu systemd[1]: Finished Apply Kernel Variables.
Feb 02 08:00:32 ubuntu systemd[1]: Finished udev Coldplug all Devices.
Feb 02 08:00:32 ubuntu systemd[1]: Finished Flush Journal to Persistent Storage.
Feb 02 08:00:32 ubuntu systemd[1]: Starting udev Wait for Complete Device Initialization...
Feb 02 08:00:32 ubuntu systemd[1]: Finished Create Static Device Nodes in /dev.
Feb 02 08:00:32 ubuntu systemd[1]: Starting udev Kernel Device Manager...
Feb 02 08:00:32 ubuntu systemd[1]: Started udev Kernel Device Manager.
Feb 02 08:00:32 ubuntu systemd[1]: Condition check resulted in Show Plymouth Boot Screen being skipped.
Feb 02 08:00:32 ubuntu systemd[1]: Started Dispatch Password Requests to Console Directory Watch.
Feb 02 08:00:32 ubuntu systemd[1]: Condition check resulted in Forward Password Requests to Plymouth Directory Watch being skipped.
Feb 02 08:00:32 ubuntu systemd[1]: Reached target Local Encrypted Volumes.
Feb 02 08:00:32 ubuntu kernel: ACPI: Video Device [GFX0] (multi-head: yes  rom: no  post: no)
Feb 02 08:00:32 ubuntu kernel: input: Video Bus as /devices/LNXSYSTM:00/LNXSYBUS:00/PNP0A03:00/LNXVIDEO:00/input/input5
Feb 02 08:00:32 ubuntu systemd-udevd[387]: Using default interface naming scheme 'v245'.
Feb 02 08:00:32 ubuntu kernel: vboxguest: loading out-of-tree module taints kernel.
Feb 02 08:00:32 ubuntu systemd-udevd[387]: ethtool: autonegotiation is unset or enabled, the speed and duplex are not writable.
Feb 02 08:00:32 ubuntu kernel: vgdrvHeartbeatInit: Setting up heartbeat to trigger every 2000 milliseconds
Feb 02 08:00:32 ubuntu kernel: input: Unspecified device as /devices/pci0000:00/0000:00:04.0/input/input6
Feb 02 08:00:32 ubuntu kernel: vboxguest: Successfully loaded version 6.1.10_Ubuntu
Feb 02 08:00:32 ubuntu kernel: vboxguest: misc device minor 58, IRQ 20, I/O port d020, MMIO at 00000000f0400000 (size 0x400000)
Feb 02 08:00:32 ubuntu kernel: vboxguest: Successfully loaded version 6.1.10_Ubuntu (interface 0x00010004)
Feb 02 08:00:32 ubuntu systemd[1]: Found device /dev/ttyS0.
Feb 02 08:00:32 ubuntu multipath[398]: sdb: failed to get udev uid: Invalid argument
Feb 02 08:00:32 ubuntu multipath[398]: sdb: failed to get sysfs uid: No data available
Feb 02 08:00:32 ubuntu multipath[398]: sdb: failed to get sgio uid: No data available
Feb 02 08:00:32 ubuntu multipath[397]: sda: failed to get udev uid: Invalid argument
Feb 02 08:00:32 ubuntu multipath[397]: sda: failed to get sysfs uid: No data available
Feb 02 08:00:32 ubuntu multipath[397]: sda: failed to get sgio uid: No data available
Feb 02 08:00:32 ubuntu systemd[1]: Listening on Load/Save RF Kill Switch Status /dev/rfkill Watch.
Feb 02 08:00:32 ubuntu systemd-udevd[384]: ethtool: autonegotiation is unset or enabled, the speed and duplex are not writable.
Feb 02 08:00:33 ubuntu udevadm[375]: systemd-udev-settle.service is deprecated.
Feb 02 08:00:33 ubuntu systemd[1]: Finished udev Wait for Complete Device Initialization.
Feb 02 08:00:33 ubuntu systemd[1]: Starting Device-Mapper Multipath Device Controller...
Feb 02 08:00:33 ubuntu kernel: alua: device handler registered
Feb 02 08:00:33 ubuntu kernel: emc: device handler registered
Feb 02 08:00:33 ubuntu kernel: rdac: device handler registered
Feb 02 08:00:33 ubuntu multipathd[467]: --------start up--------
Feb 02 08:00:33 ubuntu multipathd[467]: read /etc/multipath.conf
Feb 02 08:00:33 ubuntu multipathd[467]: path checkers start up
Feb 02 08:00:33 ubuntu multipathd[467]: sda: failed to get udev uid: Invalid argument
Feb 02 08:00:33 ubuntu multipathd[467]: sda: failed to get unknown uid: Invalid argument
Feb 02 08:00:33 ubuntu multipathd[467]: sdb: failed to get udev uid: Invalid argument
Feb 02 08:00:33 ubuntu multipathd[467]: sdb: failed to get unknown uid: Invalid argument
Feb 02 08:00:33 ubuntu systemd[1]: Started Device-Mapper Multipath Device Controller.
Feb 02 08:00:33 ubuntu systemd[1]: Reached target Local File Systems (Pre).
Feb 02 08:00:33 ubuntu systemd[1]: Mounting Mount unit for core18, revision 1944...
Feb 02 08:00:33 ubuntu systemd[1]: Mounting Mount unit for lxd, revision 19188...
Feb 02 08:00:33 ubuntu systemd[1]: Mounting Mount unit for snapd, revision 10707...
Feb 02 08:00:33 ubuntu systemd[1]: Mounted Mount unit for core18, revision 1944.
Feb 02 08:00:33 ubuntu systemd[1]: Mounted Mount unit for lxd, revision 19188.
Feb 02 08:00:33 ubuntu systemd[1]: Mounted Mount unit for snapd, revision 10707.
Feb 02 08:00:33 ubuntu systemd[1]: Reached target Local File Systems.
Feb 02 08:00:33 ubuntu systemd[1]: Starting Load AppArmor profiles...
Feb 02 08:00:33 ubuntu apparmor.systemd[481]: Restarting AppArmor
Feb 02 08:00:33 ubuntu apparmor.systemd[481]: Reloading AppArmor profiles
Feb 02 08:00:33 ubuntu systemd[1]: Starting Set console font and keymap...
Feb 02 08:00:33 ubuntu systemd[1]: Starting Create final runtime dir for shutdown pivot root...
Feb 02 08:00:33 ubuntu systemd[1]: Condition check resulted in LXD - agent - 9p mount being skipped.
Feb 02 08:00:33 ubuntu systemd[1]: Condition check resulted in LXD - agent being skipped.
Feb 02 08:00:33 ubuntu systemd[1]: Starting Tell Plymouth To Write Out Runtime Data...
Feb 02 08:00:33 ubuntu systemd[1]: Condition check resulted in Store a System Token in an EFI Variable being skipped.
Feb 02 08:00:33 ubuntu systemd[1]: Starting Commit a transient machine-id on disk...
Feb 02 08:00:33 ubuntu systemd[1]: Starting Create Volatile Files and Directories...
Feb 02 08:00:33 ubuntu systemd[1]: Finished Set console font and keymap.
Feb 02 08:00:33 ubuntu systemd[1]: etc-machine\x2did.mount: Succeeded.
Feb 02 08:00:33 ubuntu systemd[1]: Finished Create final runtime dir for shutdown pivot root.
Feb 02 08:00:33 ubuntu systemd[1]: plymouth-read-write.service: Succeeded.
Feb 02 08:00:33 ubuntu systemd[1]: Finished Tell Plymouth To Write Out Runtime Data.
Feb 02 08:00:33 ubuntu systemd[1]: Finished Commit a transient machine-id on disk.
Feb 02 08:00:33 ubuntu systemd[1]: Finished Create Volatile Files and Directories.
Feb 02 08:00:33 ubuntu systemd[1]: Starting Update UTMP about System Boot/Shutdown...
Feb 02 08:00:33 ubuntu systemd[1]: Finished Update UTMP about System Boot/Shutdown.
Feb 02 08:00:33 ubuntu audit[494]: AVC apparmor="STATUS" operation="profile_load" profile="unconfined" name="lsb_release" pid=494 comm="apparmor_parser"
Feb 02 08:00:33 ubuntu kernel: audit: type=1400 audit(1612270833.512:2): apparmor="STATUS" operation="profile_load" profile="unconfined" name="lsb_release" pid=494 comm="apparmor_parser"
Feb 02 08:00:33 ubuntu audit[499]: AVC apparmor="STATUS" operation="profile_load" profile="unconfined" name="/usr/lib/NetworkManager/nm-dhcp-client.action" pid=499 comm="apparmor_parser"
Feb 02 08:00:33 ubuntu audit[499]: AVC apparmor="STATUS" operation="profile_load" profile="unconfined" name="/usr/lib/NetworkManager/nm-dhcp-helper" pid=499 comm="apparmor_parser"
Feb 02 08:00:33 ubuntu audit[499]: AVC apparmor="STATUS" operation="profile_load" profile="unconfined" name="/usr/lib/connman/scripts/dhclient-script" pid=499 comm="apparmor_parser"
Feb 02 08:00:33 ubuntu audit[499]: AVC apparmor="STATUS" operation="profile_load" profile="unconfined" name="/{,usr/}sbin/dhclient" pid=499 comm="apparmor_parser"
Feb 02 08:00:33 ubuntu kernel: audit: type=1400 audit(1612270833.756:3): apparmor="STATUS" operation="profile_load" profile="unconfined" name="/usr/lib/NetworkManager/nm-dhcp-client.action" pid=499 comm="apparmor_parser"
Feb 02 08:00:33 ubuntu kernel: audit: type=1400 audit(1612270833.756:4): apparmor="STATUS" operation="profile_load" profile="unconfined" name="/usr/lib/NetworkManager/nm-dhcp-helper" pid=499 comm="apparmor_parser"
Feb 02 08:00:33 ubuntu kernel: audit: type=1400 audit(1612270833.756:5): apparmor="STATUS" operation="profile_load" profile="unconfined" name="/usr/lib/connman/scripts/dhclient-script" pid=499 comm="apparmor_parser"
Feb 02 08:00:33 ubuntu kernel: audit: type=1400 audit(1612270833.756:6): apparmor="STATUS" operation="profile_load" profile="unconfined" name="/{,usr/}sbin/dhclient" pid=499 comm="apparmor_parser"
Feb 02 08:00:33 ubuntu audit[493]: AVC apparmor="STATUS" operation="profile_load" profile="unconfined" name="/usr/lib/snapd/snap-confine" pid=493 comm="apparmor_parser"
Feb 02 08:00:33 ubuntu audit[493]: AVC apparmor="STATUS" operation="profile_load" profile="unconfined" name="/usr/lib/snapd/snap-confine//mount-namespace-capture-helper" pid=493 comm="apparmor_parser"
Feb 02 08:00:33 ubuntu kernel: audit: type=1400 audit(1612270833.768:7): apparmor="STATUS" operation="profile_load" profile="unconfined" name="/usr/lib/snapd/snap-confine" pid=493 comm="apparmor_parser"
Feb 02 08:00:33 ubuntu kernel: audit: type=1400 audit(1612270833.768:8): apparmor="STATUS" operation="profile_load" profile="unconfined" name="/usr/lib/snapd/snap-confine//mount-namespace-capture-helper" pid=493 comm="apparmor_parser"
Feb 02 08:00:33 ubuntu audit[500]: AVC apparmor="STATUS" operation="profile_load" profile="unconfined" name="/usr/bin/man" pid=500 comm="apparmor_parser"
Feb 02 08:00:33 ubuntu audit[500]: AVC apparmor="STATUS" operation="profile_load" profile="unconfined" name="man_filter" pid=500 comm="apparmor_parser"
Feb 02 08:00:33 ubuntu audit[500]: AVC apparmor="STATUS" operation="profile_load" profile="unconfined" name="man_groff" pid=500 comm="apparmor_parser"
Feb 02 08:00:33 ubuntu kernel: audit: type=1400 audit(1612270833.828:9): apparmor="STATUS" operation="profile_load" profile="unconfined" name="/usr/bin/man" pid=500 comm="apparmor_parser"
Feb 02 08:00:33 ubuntu kernel: audit: type=1400 audit(1612270833.828:10): apparmor="STATUS" operation="profile_load" profile="unconfined" name="man_filter" pid=500 comm="apparmor_parser"
Feb 02 08:00:33 ubuntu kernel: audit: type=1400 audit(1612270833.828:11): apparmor="STATUS" operation="profile_load" profile="unconfined" name="man_groff" pid=500 comm="apparmor_parser"
Feb 02 08:00:33 ubuntu apparmor.systemd[502]: Skipping profile in /etc/apparmor.d/disable: usr.sbin.rsyslogd
Feb 02 08:00:33 ubuntu audit[503]: AVC apparmor="STATUS" operation="profile_load" profile="unconfined" name="nvidia_modprobe" pid=503 comm="apparmor_parser"
Feb 02 08:00:33 ubuntu audit[503]: AVC apparmor="STATUS" operation="profile_load" profile="unconfined" name="nvidia_modprobe//kmod" pid=503 comm="apparmor_parser"
Feb 02 08:00:33 ubuntu audit[501]: AVC apparmor="STATUS" operation="profile_load" profile="unconfined" name="/usr/sbin/tcpdump" pid=501 comm="apparmor_parser"
Feb 02 08:00:33 ubuntu systemd[1]: Finished Load AppArmor profiles.
Feb 02 08:00:33 ubuntu systemd[1]: Starting Load AppArmor profiles managed internally by snapd...
Feb 02 08:00:33 ubuntu systemd[1]: Condition check resulted in Authentication service for virtual machines hosted on VMware being skipped.
Feb 02 08:00:33 ubuntu systemd[1]: Condition check resulted in Service for virtual machines hosted on VMware being skipped.
Feb 02 08:00:33 ubuntu systemd[1]: Starting Initial cloud-init job (pre-networking)...
Feb 02 08:00:33 ubuntu audit[515]: AVC apparmor="STATUS" operation="profile_load" profile="unconfined" name="snap-update-ns.lxd" pid=515 comm="apparmor_parser"
Feb 02 08:00:34 ubuntu audit[516]: AVC apparmor="STATUS" operation="profile_load" profile="unconfined" name="snap.lxd.activate" pid=516 comm="apparmor_parser"
Feb 02 08:00:34 ubuntu audit[517]: AVC apparmor="STATUS" operation="profile_load" profile="unconfined" name="snap.lxd.benchmark" pid=517 comm="apparmor_parser"
Feb 02 08:00:34 ubuntu audit[518]: AVC apparmor="STATUS" operation="profile_load" profile="unconfined" name="snap.lxd.buginfo" pid=518 comm="apparmor_parser"
Feb 02 08:00:34 ubuntu audit[514]: AVC apparmor="STATUS" operation="profile_load" profile="unconfined" name="/snap/snapd/10707/usr/lib/snapd/snap-confine" pid=514 comm="apparmor_parser"
Feb 02 08:00:34 ubuntu audit[514]: AVC apparmor="STATUS" operation="profile_load" profile="unconfined" name="/snap/snapd/10707/usr/lib/snapd/snap-confine//mount-namespace-capture-helper" pid=514 comm="apparmor_parser"
Feb 02 08:00:34 ubuntu audit[519]: AVC apparmor="STATUS" operation="profile_load" profile="unconfined" name="snap.lxd.check-kernel" pid=519 comm="apparmor_parser"
Feb 02 08:00:34 ubuntu audit[521]: AVC apparmor="STATUS" operation="profile_load" profile="unconfined" name="snap.lxd.daemon" pid=521 comm="apparmor_parser"
Feb 02 08:00:34 ubuntu kernel: ISO 9660 Extensions: Microsoft Joliet Level 3
Feb 02 08:00:34 ubuntu kernel: ISO 9660 Extensions: RRIP_1991A
Feb 02 08:00:34 ubuntu systemd[1]: run-cloud\x2dinit-tmp-tmp6v0e7oyd.mount: Succeeded.
Feb 02 08:00:34 ubuntu audit[522]: AVC apparmor="STATUS" operation="profile_load" profile="unconfined" name="snap.lxd.hook.configure" pid=522 comm="apparmor_parser"
Feb 02 08:00:35 ubuntu audit[526]: AVC apparmor="STATUS" operation="profile_load" profile="unconfined" name="snap.lxd.hook.install" pid=526 comm="apparmor_parser"
Feb 02 08:00:35 ubuntu-focal audit[537]: AVC apparmor="STATUS" operation="profile_load" profile="unconfined" name="snap.lxd.hook.remove" pid=537 comm="apparmor_parser"
Feb 02 08:00:35 ubuntu-focal audit[538]: AVC apparmor="STATUS" operation="profile_load" profile="unconfined" name="snap.lxd.lxc" pid=538 comm="apparmor_parser"
Feb 02 08:00:35 ubuntu-focal audit[543]: AVC apparmor="STATUS" operation="profile_load" profile="unconfined" name="snap.lxd.lxc-to-lxd" pid=543 comm="apparmor_parser"
Feb 02 08:00:35 ubuntu-focal systemd[1]: Condition check resulted in OpenVSwitch configuration for cleanup being skipped.
Feb 02 08:00:35 ubuntu-focal cloud-init[525]: Cloud-init v. 20.4.1-0ubuntu1~20.04.1 running 'init-local' at Tue, 02 Feb 2021 13:00:34 +0000. Up 10.10 seconds.
Feb 02 08:00:35 ubuntu-focal audit[544]: AVC apparmor="STATUS" operation="profile_load" profile="unconfined" name="snap.lxd.lxd" pid=544 comm="apparmor_parser"
Feb 02 08:00:35 ubuntu-focal audit[546]: AVC apparmor="STATUS" operation="profile_load" profile="unconfined" name="snap.lxd.migrate" pid=546 comm="apparmor_parser"
Feb 02 08:00:35 ubuntu-focal systemd[1]: Finished Load AppArmor profiles managed internally by snapd.
Feb 02 08:00:35 ubuntu-focal systemd[1]: Finished Initial cloud-init job (pre-networking).
Feb 02 08:00:35 ubuntu-focal systemd[1]: Reached target Network (Pre).
Feb 02 08:00:35 ubuntu-focal systemd[1]: Starting Network Service...
Feb 02 08:00:35 ubuntu-focal systemd-networkd[558]: Enumeration completed
Feb 02 08:00:35 ubuntu-focal systemd[1]: Started Network Service.
Feb 02 08:00:35 ubuntu-focal systemd-networkd[558]: enp0s3: IPv6 successfully enabled
Feb 02 08:00:35 ubuntu-focal systemd-networkd[558]: enp0s3: Link UP
Feb 02 08:00:35 ubuntu-focal kernel: e1000: enp0s3 NIC Link is Up 1000 Mbps Full Duplex, Flow Control: RX
Feb 02 08:00:35 ubuntu-focal kernel: IPv6: ADDRCONF(NETDEV_CHANGE): enp0s3: link becomes ready
Feb 02 08:00:35 ubuntu-focal systemd[1]: Starting Wait for Network to be Configured...
Feb 02 08:00:35 ubuntu-focal systemd[1]: Starting Network Name Resolution...
Feb 02 08:00:35 ubuntu-focal systemd-networkd[558]: enp0s3: Gained carrier
Feb 02 08:00:35 ubuntu-focal systemd-networkd[558]: enp0s3: DHCPv4 address 10.0.2.15/24 via 10.0.2.2
Feb 02 08:00:35 ubuntu-focal systemd-resolved[570]: Positive Trust Anchors:
Feb 02 08:00:35 ubuntu-focal systemd-resolved[570]: . IN DS 20326 8 2 e06d44b80b8f1d39a95c0b0d7c65d08458e880409bbc683457104237c7f8ec8d
Feb 02 08:00:35 ubuntu-focal systemd-resolved[570]: Negative trust anchors: 10.in-addr.arpa 16.172.in-addr.arpa 17.172.in-addr.arpa 18.172.in-addr.arpa 19.172.in-addr.arpa 20.172.in-addr.arpa 21.172.in-addr.arpa 22.172.in-addr.arpa 23.172.in-addr.arpa 24.172.in-addr.arpa 25.172.in-addr.arpa 26.172.in-addr.arpa 27.172.in-addr.arpa 28.172.in-addr.arpa 29.172.in-addr.arpa 30.172.in-addr.arpa 31.172.in-addr.arpa 168.192.in-addr.arpa d.f.ip6.arpa corp home internal intranet lan local private test
Feb 02 08:00:35 ubuntu-focal systemd-resolved[570]: Using system hostname 'ubuntu-focal'.
Feb 02 08:00:35 ubuntu-focal systemd[1]: Started Network Name Resolution.
Feb 02 08:00:35 ubuntu-focal systemd[1]: Reached target Network.
Feb 02 08:00:35 ubuntu-focal systemd[1]: Reached target Host and Network Name Lookups.
Feb 02 08:00:37 ubuntu-focal systemd-networkd[558]: enp0s3: Gained IPv6LL
Feb 02 08:00:37 ubuntu-focal systemd-networkd-wait-online[569]: managing: enp0s3
Feb 02 08:00:37 ubuntu-focal systemd[1]: Finished Wait for Network to be Configured.
Feb 02 08:00:37 ubuntu-focal systemd[1]: Starting Initial cloud-init job (metadata service crawler)...
Feb 02 08:00:38 ubuntu-focal cloud-init[576]: Cloud-init v. 20.4.1-0ubuntu1~20.04.1 running 'init' at Tue, 02 Feb 2021 13:00:37 +0000. Up 13.14 seconds.
Feb 02 08:00:38 ubuntu-focal cloud-init[576]: ci-info: ++++++++++++++++++++++++++++++++++++++Net device info++++++++++++++++++++++++++++++++++++++
Feb 02 08:00:38 ubuntu-focal cloud-init[576]: ci-info: +--------+------+----------------------------+---------------+--------+-------------------+
Feb 02 08:00:38 ubuntu-focal cloud-init[576]: ci-info: | Device |  Up  |          Address           |      Mask     | Scope  |     Hw-Address    |
Feb 02 08:00:38 ubuntu-focal cloud-init[576]: ci-info: +--------+------+----------------------------+---------------+--------+-------------------+
Feb 02 08:00:38 ubuntu-focal cloud-init[576]: ci-info: | enp0s3 | True |         10.0.2.15          | 255.255.255.0 | global | 02:8d:5d:c1:d8:cf |
Feb 02 08:00:38 ubuntu-focal cloud-init[576]: ci-info: | enp0s3 | True | fe80::8d:5dff:fec1:d8cf/64 |       .       |  link  | 02:8d:5d:c1:d8:cf |
Feb 02 08:00:38 ubuntu-focal cloud-init[576]: ci-info: |   lo   | True |         127.0.0.1          |   255.0.0.0   |  host  |         .         |
Feb 02 08:00:38 ubuntu-focal cloud-init[576]: ci-info: |   lo   | True |          ::1/128           |       .       |  host  |         .         |
Feb 02 08:00:38 ubuntu-focal cloud-init[576]: ci-info: +--------+------+----------------------------+---------------+--------+-------------------+
Feb 02 08:00:38 ubuntu-focal cloud-init[576]: ci-info: ++++++++++++++++++++++++++++Route IPv4 info+++++++++++++++++++++++++++++
Feb 02 08:00:38 ubuntu-focal cloud-init[576]: ci-info: +-------+-------------+----------+-----------------+-----------+-------+
Feb 02 08:00:38 ubuntu-focal cloud-init[576]: ci-info: | Route | Destination | Gateway  |     Genmask     | Interface | Flags |
Feb 02 08:00:38 ubuntu-focal cloud-init[576]: ci-info: +-------+-------------+----------+-----------------+-----------+-------+
Feb 02 08:00:38 ubuntu-focal cloud-init[576]: ci-info: |   0   |   0.0.0.0   | 10.0.2.2 |     0.0.0.0     |   enp0s3  |   UG  |
Feb 02 08:00:38 ubuntu-focal cloud-init[576]: ci-info: |   1   |   10.0.2.0  | 0.0.0.0  |  255.255.255.0  |   enp0s3  |   U   |
Feb 02 08:00:38 ubuntu-focal cloud-init[576]: ci-info: |   2   |   10.0.2.2  | 0.0.0.0  | 255.255.255.255 |   enp0s3  |   UH  |
Feb 02 08:00:38 ubuntu-focal cloud-init[576]: ci-info: +-------+-------------+----------+-----------------+-----------+-------+
Feb 02 08:00:38 ubuntu-focal cloud-init[576]: ci-info: +++++++++++++++++++Route IPv6 info+++++++++++++++++++
Feb 02 08:00:38 ubuntu-focal cloud-init[576]: ci-info: +-------+-------------+---------+-----------+-------+
Feb 02 08:00:38 ubuntu-focal cloud-init[576]: ci-info: | Route | Destination | Gateway | Interface | Flags |
Feb 02 08:00:38 ubuntu-focal cloud-init[576]: ci-info: +-------+-------------+---------+-----------+-------+
Feb 02 08:00:38 ubuntu-focal cloud-init[576]: ci-info: |   1   |  fe80::/64  |    ::   |   enp0s3  |   U   |
Feb 02 08:00:38 ubuntu-focal cloud-init[576]: ci-info: |   3   |    local    |    ::   |   enp0s3  |   U   |
Feb 02 08:00:38 ubuntu-focal cloud-init[576]: ci-info: |   4   |   ff00::/8  |    ::   |   enp0s3  |   U   |
Feb 02 08:00:38 ubuntu-focal cloud-init[576]: ci-info: +-------+-------------+---------+-----------+-------+
Feb 02 08:00:38 ubuntu-focal systemd-udevd[564]: sda: Failed to process device, ignoring: Resource temporarily unavailable
Feb 02 08:00:38 ubuntu-focal systemd-udevd[564]: sda1: Failed to process device, ignoring: Resource temporarily unavailable
Feb 02 08:00:38 ubuntu-focal multipath[628]: sda: failed to get udev uid: Invalid argument
Feb 02 08:00:38 ubuntu-focal multipath[628]: sda: failed to get sysfs uid: No data available
Feb 02 08:00:38 ubuntu-focal multipath[628]: sda: failed to get sgio uid: No data available
Feb 02 08:00:38 ubuntu-focal kernel: EXT4-fs (sda1): resizing filesystem from 576000 to 10485499 blocks
Feb 02 08:00:38 ubuntu-focal kernel: EXT4-fs (sda1): resized filesystem to 10485499
Feb 02 08:00:38 ubuntu-focal useradd[636]: new group: name=ubuntu, GID=1001
Feb 02 08:00:38 ubuntu-focal useradd[636]: new user: name=ubuntu, UID=1001, GID=1001, home=/home/ubuntu, shell=/bin/bash, from=none
Feb 02 08:00:38 ubuntu-focal useradd[636]: add 'ubuntu' to group 'adm'
Feb 02 08:00:38 ubuntu-focal useradd[636]: add 'ubuntu' to group 'dialout'
Feb 02 08:00:38 ubuntu-focal useradd[636]: add 'ubuntu' to group 'cdrom'
Feb 02 08:00:38 ubuntu-focal useradd[636]: add 'ubuntu' to group 'floppy'
Feb 02 08:00:38 ubuntu-focal useradd[636]: add 'ubuntu' to group 'sudo'
Feb 02 08:00:38 ubuntu-focal useradd[636]: add 'ubuntu' to group 'audio'
Feb 02 08:00:38 ubuntu-focal useradd[636]: add 'ubuntu' to group 'dip'
Feb 02 08:00:38 ubuntu-focal useradd[636]: add 'ubuntu' to group 'video'
Feb 02 08:00:38 ubuntu-focal useradd[636]: add 'ubuntu' to group 'plugdev'
Feb 02 08:00:38 ubuntu-focal useradd[636]: add 'ubuntu' to group 'netdev'
Feb 02 08:00:38 ubuntu-focal useradd[636]: add 'ubuntu' to group 'lxd'
Feb 02 08:00:38 ubuntu-focal useradd[636]: add 'ubuntu' to shadow group 'adm'
Feb 02 08:00:38 ubuntu-focal useradd[636]: add 'ubuntu' to shadow group 'dialout'
Feb 02 08:00:38 ubuntu-focal useradd[636]: add 'ubuntu' to shadow group 'cdrom'
Feb 02 08:00:38 ubuntu-focal useradd[636]: add 'ubuntu' to shadow group 'floppy'
Feb 02 08:00:38 ubuntu-focal useradd[636]: add 'ubuntu' to shadow group 'sudo'
Feb 02 08:00:38 ubuntu-focal useradd[636]: add 'ubuntu' to shadow group 'audio'
Feb 02 08:00:38 ubuntu-focal useradd[636]: add 'ubuntu' to shadow group 'dip'
Feb 02 08:00:38 ubuntu-focal useradd[636]: add 'ubuntu' to shadow group 'video'
Feb 02 08:00:38 ubuntu-focal useradd[636]: add 'ubuntu' to shadow group 'plugdev'
Feb 02 08:00:38 ubuntu-focal useradd[636]: add 'ubuntu' to shadow group 'netdev'
Feb 02 08:00:38 ubuntu-focal useradd[636]: add 'ubuntu' to shadow group 'lxd'
Feb 02 08:00:38 ubuntu-focal passwd[645]: password for 'ubuntu' changed by 'root'
Feb 02 08:00:39 ubuntu-focal cloud-init[576]: Generating public/private rsa key pair.
Feb 02 08:00:39 ubuntu-focal cloud-init[576]: Your identification has been saved in /etc/ssh/ssh_host_rsa_key
Feb 02 08:00:39 ubuntu-focal cloud-init[576]: Your public key has been saved in /etc/ssh/ssh_host_rsa_key.pub
Feb 02 08:00:39 ubuntu-focal cloud-init[576]: The key fingerprint is:
Feb 02 08:00:39 ubuntu-focal cloud-init[576]: SHA256:kZe1EOa5Q6uigMogJkmU2np8YTDtGa+RVAy4ikDoVPo root@ubuntu-focal
Feb 02 08:00:39 ubuntu-focal cloud-init[576]: The key's randomart image is:
Feb 02 08:00:39 ubuntu-focal cloud-init[576]: +---[RSA 3072]----+
Feb 02 08:00:39 ubuntu-focal cloud-init[576]: |. .o.o.   +..    |
Feb 02 08:00:39 ubuntu-focal cloud-init[576]: |.o+. ..  + = .   |
Feb 02 08:00:39 ubuntu-focal cloud-init[576]: |++o.+   o * .    |
Feb 02 08:00:39 ubuntu-focal cloud-init[576]: |+oo= =   + o     |
Feb 02 08:00:39 ubuntu-focal cloud-init[576]: |+o.EB . S +      |
Feb 02 08:00:39 ubuntu-focal cloud-init[576]: |+= . +   . .     |
Feb 02 08:00:39 ubuntu-focal cloud-init[576]: |B.+ o . .        |
Feb 02 08:00:39 ubuntu-focal cloud-init[576]: |B. o . .         |
Feb 02 08:00:39 ubuntu-focal cloud-init[576]: |..  .            |
Feb 02 08:00:39 ubuntu-focal cloud-init[576]: +----[SHA256]-----+
Feb 02 08:00:39 ubuntu-focal cloud-init[576]: Generating public/private dsa key pair.
Feb 02 08:00:39 ubuntu-focal cloud-init[576]: Your identification has been saved in /etc/ssh/ssh_host_dsa_key
Feb 02 08:00:39 ubuntu-focal cloud-init[576]: Your public key has been saved in /etc/ssh/ssh_host_dsa_key.pub
Feb 02 08:00:39 ubuntu-focal cloud-init[576]: The key fingerprint is:
Feb 02 08:00:39 ubuntu-focal cloud-init[576]: SHA256:2Kd5dEW6YFooOroKA/xXqTQgjqWGFRCbTvbd5RXeQA8 root@ubuntu-focal
Feb 02 08:00:39 ubuntu-focal cloud-init[576]: The key's randomart image is:
Feb 02 08:00:39 ubuntu-focal cloud-init[576]: +---[DSA 1024]----+
Feb 02 08:00:39 ubuntu-focal cloud-init[576]: |oo.       .E  .  |
Feb 02 08:00:39 ubuntu-focal cloud-init[576]: | o .     .. *o   |
Feb 02 08:00:39 ubuntu-focal cloud-init[576]: |o+o.  . ..+o.o.  |
Feb 02 08:00:39 ubuntu-focal cloud-init[576]: |O+o o..+++.. o   |
Feb 02 08:00:39 ubuntu-focal cloud-init[576]: |== .o+.+S.o o    |
Feb 02 08:00:39 ubuntu-focal cloud-init[576]: |o ....+  = .     |
Feb 02 08:00:39 ubuntu-focal cloud-init[576]: |o .. o  o .      |
Feb 02 08:00:39 ubuntu-focal cloud-init[576]: |.. ..    .       |
Feb 02 08:00:39 ubuntu-focal cloud-init[576]: |...              |
Feb 02 08:00:39 ubuntu-focal cloud-init[576]: +----[SHA256]-----+
Feb 02 08:00:39 ubuntu-focal cloud-init[576]: Generating public/private ecdsa key pair.
Feb 02 08:00:39 ubuntu-focal cloud-init[576]: Your identification has been saved in /etc/ssh/ssh_host_ecdsa_key
Feb 02 08:00:39 ubuntu-focal cloud-init[576]: Your public key has been saved in /etc/ssh/ssh_host_ecdsa_key.pub
Feb 02 08:00:39 ubuntu-focal cloud-init[576]: The key fingerprint is:
Feb 02 08:00:39 ubuntu-focal cloud-init[576]: SHA256:t1CTBTFAbUBBsrmhwO+RtVoOlqPCTAjHLtYX/ywahjc root@ubuntu-focal
Feb 02 08:00:39 ubuntu-focal cloud-init[576]: The key's randomart image is:
Feb 02 08:00:39 ubuntu-focal cloud-init[576]: +---[ECDSA 256]---+
Feb 02 08:00:39 ubuntu-focal cloud-init[576]: |      .+B=+o.    |
Feb 02 08:00:39 ubuntu-focal cloud-init[576]: | o     +  o+     |
Feb 02 08:00:39 ubuntu-focal cloud-init[576]: |. =  .=  .+      |
Feb 02 08:00:39 ubuntu-focal cloud-init[576]: |oo.o =o+ . .     |
Feb 02 08:00:39 ubuntu-focal cloud-init[576]: |oo..X.+.S .      |
Feb 02 08:00:39 ubuntu-focal cloud-init[576]: |=. +oB  oo .     |
Feb 02 08:00:39 ubuntu-focal cloud-init[576]: |.o..oE.. o.      |
Feb 02 08:00:39 ubuntu-focal cloud-init[576]: | .  o + .        |
Feb 02 08:00:39 ubuntu-focal cloud-init[576]: |     .           |
Feb 02 08:00:39 ubuntu-focal cloud-init[576]: +----[SHA256]-----+
Feb 02 08:00:39 ubuntu-focal cloud-init[576]: Generating public/private ed25519 key pair.
Feb 02 08:00:39 ubuntu-focal cloud-init[576]: Your identification has been saved in /etc/ssh/ssh_host_ed25519_key
Feb 02 08:00:39 ubuntu-focal cloud-init[576]: Your public key has been saved in /etc/ssh/ssh_host_ed25519_key.pub
Feb 02 08:00:39 ubuntu-focal cloud-init[576]: The key fingerprint is:
Feb 02 08:00:39 ubuntu-focal cloud-init[576]: SHA256:4fo4QIsXR4qOS1zF7X/TsDIDaYHsari4ZLbe0ZL2dUA root@ubuntu-focal
Feb 02 08:00:39 ubuntu-focal cloud-init[576]: The key's randomart image is:
Feb 02 08:00:39 ubuntu-focal cloud-init[576]: +--[ED25519 256]--+
Feb 02 08:00:39 ubuntu-focal cloud-init[576]: |    o o          |
Feb 02 08:00:39 ubuntu-focal cloud-init[576]: |     =.o         |
Feb 02 08:00:39 ubuntu-focal cloud-init[576]: |   .oo.E+        |
Feb 02 08:00:39 ubuntu-focal cloud-init[576]: |  ..+.o* . .     |
Feb 02 08:00:39 ubuntu-focal cloud-init[576]: |.ooo.+..S   +    |
Feb 02 08:00:39 ubuntu-focal cloud-init[576]: |.+oo*  ..= + .   |
Feb 02 08:00:39 ubuntu-focal cloud-init[576]: |o=o* o.. .= .    |
Feb 02 08:00:39 ubuntu-focal cloud-init[576]: |*.+ + oo.        |
Feb 02 08:00:39 ubuntu-focal cloud-init[576]: |o+ . ....        |
Feb 02 08:00:39 ubuntu-focal cloud-init[576]: +----[SHA256]-----+
Feb 02 08:00:39 ubuntu-focal systemd[1]: Finished Initial cloud-init job (metadata service crawler).
Feb 02 08:00:39 ubuntu-focal systemd[1]: Reached target Cloud-config availability.
Feb 02 08:00:39 ubuntu-focal systemd[1]: Reached target Network is Online.
Feb 02 08:00:39 ubuntu-focal systemd[1]: Reached target System Initialization.
Feb 02 08:00:39 ubuntu-focal systemd[1]: Condition check resulted in Process error reports when automatic reporting is enabled (file watch) being skipped.
Feb 02 08:00:39 ubuntu-focal systemd[1]: Started Daily apt download activities.
Feb 02 08:00:39 ubuntu-focal systemd[1]: Started Daily apt upgrade and clean activities.
Feb 02 08:00:39 ubuntu-focal systemd[1]: Started Periodic ext4 Online Metadata Check for All Filesystems.
Feb 02 08:00:39 ubuntu-focal systemd[1]: Started Discard unused blocks once a week.
Feb 02 08:00:39 ubuntu-focal systemd[1]: Started Refresh fwupd metadata regularly.
Feb 02 08:00:39 ubuntu-focal systemd[1]: Started Daily rotation of log files.
Feb 02 08:00:39 ubuntu-focal systemd[1]: Started Daily man-db regeneration.
Feb 02 08:00:39 ubuntu-focal systemd[1]: Started Message of the Day.
Feb 02 08:00:39 ubuntu-focal systemd[1]: Condition check resulted in Timer to automatically fetch and run repair assertions being skipped.
Feb 02 08:00:39 ubuntu-focal systemd[1]: Started Daily Cleanup of Temporary Directories.
Feb 02 08:00:39 ubuntu-focal systemd[1]: Reached target Paths.
Feb 02 08:00:39 ubuntu-focal systemd[1]: Reached target Timers.
Feb 02 08:00:39 ubuntu-focal systemd[1]: Condition check resulted in Unix socket for apport crash forwarding being skipped.
Feb 02 08:00:39 ubuntu-focal systemd[1]: Listening on D-Bus System Message Bus Socket.
Feb 02 08:00:39 ubuntu-focal systemd[1]: Listening on Open-iSCSI iscsid Socket.
Feb 02 08:00:39 ubuntu-focal systemd[1]: Starting Socket activation for snappy daemon.
Feb 02 08:00:39 ubuntu-focal systemd[1]: Listening on UUID daemon activation socket.
Feb 02 08:00:39 ubuntu-focal systemd[1]: Condition check resulted in Login to default iSCSI targets being skipped.
Feb 02 08:00:39 ubuntu-focal systemd[1]: Reached target Remote File Systems (Pre).
Feb 02 08:00:39 ubuntu-focal systemd[1]: Reached target Remote File Systems.
Feb 02 08:00:39 ubuntu-focal systemd[1]: Starting Availability of block devices...
Feb 02 08:00:39 ubuntu-focal systemd[1]: Listening on Socket activation for snappy daemon.
Feb 02 08:00:39 ubuntu-focal systemd[1]: Finished Availability of block devices.
Feb 02 08:00:39 ubuntu-focal systemd[1]: Reached target Sockets.
Feb 02 08:00:39 ubuntu-focal systemd[1]: Reached target Basic System.
Feb 02 08:00:39 ubuntu-focal systemd[1]: Starting Accounts Service...
Feb 02 08:00:39 ubuntu-focal systemd[1]: Starting LSB: automatic crash report generation...
Feb 02 08:00:39 ubuntu-focal systemd[1]: Starting Deferred execution scheduler...
Feb 02 08:00:39 ubuntu-focal systemd[1]: Started Regular background program processing daemon.
Feb 02 08:00:39 ubuntu-focal systemd[1]: Started D-Bus System Message Bus.
Feb 02 08:00:39 ubuntu-focal cron[661]: (CRON) INFO (pidfile fd = 3)
Feb 02 08:00:39 ubuntu-focal cron[661]: (CRON) INFO (Running @reboot jobs)
Feb 02 08:00:39 ubuntu-focal systemd[1]: Started Save initial kernel messages after boot.
Feb 02 08:00:39 ubuntu-focal systemd[1]: Starting Remove Stale Online ext4 Metadata Check Snapshots...
Feb 02 08:00:39 ubuntu-focal systemd[1]: Condition check resulted in getty on tty2-tty6 if dbus and logind are not available being skipped.
Feb 02 08:00:39 ubuntu-focal systemd[1]: Starting LSB: Record successful boot for GRUB...
Feb 02 08:00:39 ubuntu-focal systemd[1]: Starting GRUB failed boot detection...
Feb 02 08:00:39 ubuntu-focal systemd[1]: Started irqbalance daemon.
Feb 02 08:00:39 ubuntu-focal systemd[1]: Starting Dispatcher daemon for systemd-networkd...
Feb 02 08:00:39 ubuntu-focal systemd[1]: Condition check resulted in Set the CPU Frequency Scaling governor being skipped.
Feb 02 08:00:39 ubuntu-focal systemd[1]: Starting Pollinate to seed the pseudo random number generator...
Feb 02 08:00:39 ubuntu-focal systemd[1]: Condition check resulted in fast remote file copy program daemon being skipped.
Feb 02 08:00:39 ubuntu-focal systemd[1]: Starting System Logging Service...
Feb 02 08:00:39 ubuntu-focal systemd[1]: Condition check resulted in Secure Boot updates for DB and DBX being skipped.
Feb 02 08:00:39 ubuntu-focal systemd[1]: Condition check resulted in Automatically repair incorrect owner/permissions on core devices being skipped.
Feb 02 08:00:39 ubuntu-focal systemd[1]: Condition check resulted in Wait for the Ubuntu Core chooser trigger being skipped.
Feb 02 08:00:39 ubuntu-focal systemd[1]: Starting Snap Daemon...
Feb 02 08:00:39 ubuntu-focal systemd[1]: Starting Login Service...
Feb 02 08:00:39 ubuntu-focal systemd[1]: Starting Permit User Sessions...
Feb 02 08:00:39 ubuntu-focal systemd[1]: Starting Virtualbox guest utils...
Feb 02 08:00:39 ubuntu-focal systemd[1]: Started Deferred execution scheduler.
Feb 02 08:00:39 ubuntu-focal systemd[1]: e2scrub_reap.service: Succeeded.
Feb 02 08:00:39 ubuntu-focal systemd[1]: Finished Remove Stale Online ext4 Metadata Check Snapshots.
Feb 02 08:00:39 ubuntu-focal systemd[1]: Finished Permit User Sessions.
Feb 02 08:00:39 ubuntu-focal systemd[1]: grub-initrd-fallback.service: Succeeded.
Feb 02 08:00:39 ubuntu-focal systemd[1]: Finished GRUB failed boot detection.
Feb 02 08:00:39 ubuntu-focal rsyslogd[677]: imuxsock: Acquired UNIX socket '/run/systemd/journal/syslog' (fd 3) from systemd.  [v8.2001.0]
Feb 02 08:00:39 ubuntu-focal rsyslogd[677]: rsyslogd's groupid changed to 110
Feb 02 08:00:39 ubuntu-focal rsyslogd[677]: rsyslogd's userid changed to 104
Feb 02 08:00:39 ubuntu-focal rsyslogd[677]: [origin software="rsyslogd" swVersion="8.2001.0" x-pid="677" x-info="https://www.rsyslog.com"] start
Feb 02 08:00:39 ubuntu-focal systemd[1]: Started System Logging Service.
Feb 02 08:00:39 ubuntu-focal apport[659]:  * Starting automatic crash report generation: apport
Feb 02 08:00:39 ubuntu-focal grub-common[669]:  * Recording successful boot for GRUB
Feb 02 08:00:39 ubuntu-focal grub-common[669]:    ...done.
Feb 02 08:00:39 ubuntu-focal systemd[1]: Started LSB: Record successful boot for GRUB.
Feb 02 08:00:39 ubuntu-focal systemd[1]: Starting Hold until boot process finishes up...
Feb 02 08:00:39 ubuntu-focal apport[659]:    ...done.
Feb 02 08:00:39 ubuntu-focal systemd[1]: Starting Terminate Plymouth Boot Screen...
Feb 02 08:00:39 ubuntu-focal systemd[1]: Started LSB: automatic crash report generation.
Feb 02 08:00:39 ubuntu-focal systemd[1]: plymouth-quit-wait.service: Succeeded.
Feb 02 08:00:39 ubuntu-focal systemd[1]: Finished Hold until boot process finishes up.
Feb 02 08:00:39 ubuntu-focal systemd[1]: plymouth-quit.service: Succeeded.
Feb 02 08:00:39 ubuntu-focal systemd[1]: Finished Terminate Plymouth Boot Screen.
Feb 02 08:00:39 ubuntu-focal pollinate[725]: client sent challenge to [https://entropy.ubuntu.com/]
Feb 02 08:00:39 ubuntu-focal dbus-daemon[662]: [system] AppArmor D-Bus mediation is enabled
Feb 02 08:00:39 ubuntu-focal systemd[1]: Started Serial Getty on ttyS0.
Feb 02 08:00:39 ubuntu-focal systemd[1]: Starting Set console scheme...
Feb 02 08:00:39 ubuntu-focal systemd[1]: Finished Set console scheme.
Feb 02 08:00:39 ubuntu-focal systemd[1]: Created slice system-getty.slice.
Feb 02 08:00:39 ubuntu-focal virtualbox-guest-utils[683]:  * Starting VirtualBox Additions
Feb 02 08:00:39 ubuntu-focal snapd[680]: AppArmor status: apparmor is enabled and all features are available
Feb 02 08:00:39 ubuntu-focal systemd[1]: Started Getty on tty1.
Feb 02 08:00:39 ubuntu-focal systemd-logind[681]: Watching system buttons on /dev/input/event0 (Power Button)
Feb 02 08:00:39 ubuntu-focal systemd[1]: Reached target Login Prompts.
Feb 02 08:00:39 ubuntu-focal systemd-logind[681]: Watching system buttons on /dev/input/event1 (Sleep Button)
Feb 02 08:00:39 ubuntu-focal virtualbox-guest-utils[753]: /etc/init.d/virtualbox-guest-utils: 62: /usr/bin/VBoxClient: not found
Feb 02 08:00:39 ubuntu-focal kernel: vboxsf: g_fHostFeatures=0x8000000f g_fSfFeatures=0x1 g_uSfLastFunction=29
Feb 02 08:00:39 ubuntu-focal kernel: vboxsf: Successfully loaded version 6.1.10_Ubuntu
Feb 02 08:00:39 ubuntu-focal kernel: vboxsf: Successfully loaded version 6.1.10_Ubuntu on 5.4.0-65-generic SMP mod_unload  (LINUX_VERSION_CODE=0x5044e)
Feb 02 08:00:39 ubuntu-focal systemd-logind[681]: Watching system buttons on /dev/input/event2 (AT Translated Set 2 keyboard)
Feb 02 08:00:39 ubuntu-focal systemd-logind[681]: New seat seat0.
Feb 02 08:00:39 ubuntu-focal kernel: 13:00:39.824836 main     VBoxService 6.1.16_Ubuntu r140961 (verbosity: 0) linux.amd64 (Dec 17 2020 22:06:23) release log
                                     13:00:39.824839 main     Log opened 2021-02-02T13:00:39.824828000Z
Feb 02 08:00:39 ubuntu-focal kernel: 13:00:39.824946 main     OS Product: Linux
Feb 02 08:00:39 ubuntu-focal kernel: 13:00:39.825020 main     OS Release: 5.4.0-65-generic
Feb 02 08:00:39 ubuntu-focal kernel: 13:00:39.825059 main     OS Version: #73-Ubuntu SMP Mon Jan 18 17:25:17 UTC 2021
Feb 02 08:00:39 ubuntu-focal kernel: 13:00:39.825100 main     Executable: /usr/sbin/VBoxService
                                     13:00:39.825101 main     Process ID: 754
                                     13:00:39.825101 main     Package type: LINUX_64BITS_GENERIC (OSE)
Feb 02 08:00:39 ubuntu-focal virtualbox-guest-utils[754]: 13:00:39.824836 main     VBoxService 6.1.16_Ubuntu r140961 (verbosity: 0) linux.amd64 (Dec 17 2020 22:06:23) release log
Feb 02 08:00:39 ubuntu-focal virtualbox-guest-utils[754]: 13:00:39.824839 main     Log opened 2021-02-02T13:00:39.824828000Z
Feb 02 08:00:39 ubuntu-focal virtualbox-guest-utils[754]: 13:00:39.824946 main     OS Product: Linux
Feb 02 08:00:39 ubuntu-focal virtualbox-guest-utils[754]: 13:00:39.825020 main     OS Release: 5.4.0-65-generic
Feb 02 08:00:39 ubuntu-focal virtualbox-guest-utils[754]: 13:00:39.825059 main     OS Version: #73-Ubuntu SMP Mon Jan 18 17:25:17 UTC 2021
Feb 02 08:00:39 ubuntu-focal virtualbox-guest-utils[754]: 13:00:39.825100 main     Executable: /usr/sbin/VBoxService
Feb 02 08:00:39 ubuntu-focal virtualbox-guest-utils[754]: 13:00:39.825101 main     Process ID: 754
Feb 02 08:00:39 ubuntu-focal virtualbox-guest-utils[754]: 13:00:39.825101 main     Package type: LINUX_64BITS_GENERIC (OSE)
Feb 02 08:00:39 ubuntu-focal systemd[1]: Started Login Service.
Feb 02 08:00:39 ubuntu-focal virtualbox-guest-utils[754]: 13:00:39.826616 main     6.1.16_Ubuntu r140961 started. Verbose level = 0
Feb 02 08:00:39 ubuntu-focal virtualbox-guest-utils[683]:    ...done.
Feb 02 08:00:39 ubuntu-focal kernel: 13:00:39.826616 main     6.1.16_Ubuntu r140961 started. Verbose level = 0
Feb 02 08:00:39 ubuntu-focal systemd[1]: Started Virtualbox guest utils.
Feb 02 08:00:39 ubuntu-focal kernel: 13:00:39.831288 main     vbglR3GuestCtrlDetectPeekGetCancelSupport: Supported (#1)
Feb 02 08:00:39 ubuntu-focal systemd[1]: Started Unattended Upgrades Shutdown.
Feb 02 08:00:39 ubuntu-focal dbus-daemon[662]: [system] Activating via systemd: service name='org.freedesktop.PolicyKit1' unit='polkit.service' requested by ':1.2' (uid=0 pid=658 comm="/usr/lib/accountsservice/accounts-daemon " label="unconfined")
Feb 02 08:00:39 ubuntu-focal networkd-dispatcher[675]: No valid path found for iwconfig
Feb 02 08:00:39 ubuntu-focal networkd-dispatcher[675]: No valid path found for iw
Feb 02 08:00:39 ubuntu-focal systemd[1]: Starting Authorization Manager...
Feb 02 08:00:39 ubuntu-focal systemd[1]: Started Dispatcher daemon for systemd-networkd.
Feb 02 08:00:39 ubuntu-focal polkitd[774]: started daemon version 0.105 using authority implementation `local' version `0.105'
Feb 02 08:00:39 ubuntu-focal dbus-daemon[662]: [system] Successfully activated service 'org.freedesktop.PolicyKit1'
Feb 02 08:00:39 ubuntu-focal systemd[1]: Started Authorization Manager.
Feb 02 08:00:39 ubuntu-focal accounts-daemon[658]: started daemon version 0.6.55
Feb 02 08:00:39 ubuntu-focal systemd[1]: Started Accounts Service.
Feb 02 08:00:40 ubuntu-focal pollinate[781]: client verified challenge/response with [https://entropy.ubuntu.com/]
Feb 02 08:00:40 ubuntu-focal pollinate[788]: client hashed response from [https://entropy.ubuntu.com/]
Feb 02 08:00:40 ubuntu-focal pollinate[789]: client successfully seeded [/dev/urandom]
Feb 02 08:00:40 ubuntu-focal systemd[1]: pollinate.service: Succeeded.
Feb 02 08:00:40 ubuntu-focal systemd[1]: Finished Pollinate to seed the pseudo random number generator.
Feb 02 08:00:40 ubuntu-focal systemd[1]: Starting OpenBSD Secure Shell server...
Feb 02 08:00:40 ubuntu-focal sshd[798]: Server listening on 0.0.0.0 port 22.
Feb 02 08:00:40 ubuntu-focal sshd[798]: Server listening on :: port 22.
Feb 02 08:00:40 ubuntu-focal systemd[1]: Started OpenBSD Secure Shell server.
Feb 02 08:00:40 ubuntu-focal sshd[799]: Accepted publickey for vagrant from 10.0.2.2 port 34396 ssh2: RSA SHA256:1M4RzhMyWuFS/86uPY/ce2prh/dVTHW7iD2RhpquOZA
Feb 02 08:00:40 ubuntu-focal sshd[799]: pam_unix(sshd:session): session opened for user vagrant by (uid=0)
Feb 02 08:00:40 ubuntu-focal systemd[1]: Created slice User Slice of UID 1000.
Feb 02 08:00:40 ubuntu-focal systemd[1]: Starting User Runtime Directory /run/user/1000...
Feb 02 08:00:40 ubuntu-focal systemd-logind[681]: New session 1 of user vagrant.
Feb 02 08:00:40 ubuntu-focal systemd[1]: Finished User Runtime Directory /run/user/1000.
Feb 02 08:00:40 ubuntu-focal systemd[1]: Starting User Manager for UID 1000...
Feb 02 08:00:40 ubuntu-focal systemd[807]: pam_unix(systemd-user:session): session opened for user vagrant by (uid=0)
Feb 02 08:00:40 ubuntu-focal systemd[1]: Started User Manager for UID 1000.
Feb 02 08:00:40 ubuntu-focal systemd[1]: Started Session 1 of user vagrant.
Feb 02 08:00:40 ubuntu-focal snapd[680]: AppArmor status: apparmor is enabled and all features are available
Feb 02 08:00:40 ubuntu-focal snapd[680]: patch.go:64: Patching system state level 6 to sublevel 1...
Feb 02 08:00:40 ubuntu-focal snapd[680]: patch.go:64: Patching system state level 6 to sublevel 2...
Feb 02 08:00:40 ubuntu-focal snapd[680]: patch.go:64: Patching system state level 6 to sublevel 3...
Feb 02 08:00:40 ubuntu-focal snapd[680]: daemon.go:347: started snapd/2.48.2 (series 16; classic) ubuntu/20.04 (amd64) linux/5.4.0-65-generic.
Feb 02 08:00:41 ubuntu-focal systemd[1]: tmp-sanity\x2dmountpoint\x2d875344998.mount: Succeeded.
Feb 02 08:00:41 ubuntu-focal snapd[680]: daemon.go:440: adjusting startup timeout by 45s (pessimistic estimate of 30s plus 5s per snap)
Feb 02 08:00:41 ubuntu-focal systemd[1]: Started Snap Daemon.
Feb 02 08:00:41 ubuntu-focal systemd[1]: Starting Wait until snapd is fully seeded...
Feb 02 08:00:41 ubuntu-focal systemd[1]: Reloading.
Feb 02 08:00:41 ubuntu-focal systemd[1]: /lib/systemd/system/dbus.socket:5: ListenStream= references a path below legacy directory /var/run/, updating /var/run/dbus/system_bus_socket â†’ /run/dbus/system_bus_socket; please update the unit file accordingly.
Feb 02 08:00:42 ubuntu-focal systemd[1]: Reloading.
Feb 02 08:00:42 ubuntu-focal multipathd[467]: sda: triggering change event to reinitialize
Feb 02 08:00:42 ubuntu-focal multipathd[467]: sdb: triggering change event to reinitialize
Feb 02 08:00:42 ubuntu-focal multipath[986]: sdb: failed to get udev uid: Invalid argument
Feb 02 08:00:42 ubuntu-focal multipath[986]: sdb: failed to get sysfs uid: No data available
Feb 02 08:00:42 ubuntu-focal multipath[987]: sda: failed to get udev uid: Invalid argument
Feb 02 08:00:42 ubuntu-focal multipath[987]: sda: failed to get sysfs uid: No data available
Feb 02 08:00:42 ubuntu-focal multipath[986]: sdb: failed to get sgio uid: No data available
Feb 02 08:00:42 ubuntu-focal multipath[987]: sda: failed to get sgio uid: No data available
Feb 02 08:00:42 ubuntu-focal multipathd[467]: sdb: failed to get udev uid: Invalid argument
Feb 02 08:00:42 ubuntu-focal multipathd[467]: sdb: failed to get unknown uid: Invalid argument
Feb 02 08:00:42 ubuntu-focal multipathd[467]: sdb: failed to get path uid
Feb 02 08:00:42 ubuntu-focal multipathd[467]: uevent trigger error
Feb 02 08:00:42 ubuntu-focal systemd[1]: /lib/systemd/system/dbus.socket:5: ListenStream= references a path below legacy directory /var/run/, updating /var/run/dbus/system_bus_socket â†’ /run/dbus/system_bus_socket; please update the unit file accordingly.
Feb 02 08:00:42 ubuntu-focal systemd[1]: tmp-snap.rootfs_uapxlJ.mount: Succeeded.
Feb 02 08:00:43 ubuntu-focal multipathd[467]: sda: failed to get udev uid: Invalid argument
Feb 02 08:00:43 ubuntu-focal multipathd[467]: sda: failed to get unknown uid: Invalid argument
Feb 02 08:00:43 ubuntu-focal multipathd[467]: sda: failed to get path uid
Feb 02 08:00:43 ubuntu-focal multipathd[467]: uevent trigger error
Feb 02 08:00:43 ubuntu-focal systemd[1]: Reloading.
Feb 02 08:00:43 ubuntu-focal systemd[1]: /lib/systemd/system/dbus.socket:5: ListenStream= references a path below legacy directory /var/run/, updating /var/run/dbus/system_bus_socket â†’ /run/dbus/system_bus_socket; please update the unit file accordingly.
Feb 02 08:00:43 ubuntu-focal systemd[1]: Listening on Socket unix for snap application lxd.daemon.
Feb 02 08:00:43 ubuntu-focal systemd[1]: Starting Service for snap application lxd.activate...
Feb 02 08:00:44 ubuntu-focal lxd.activate[1193]: => Starting LXD activation
Feb 02 08:00:44 ubuntu-focal lxd.activate[1193]: ==> Creating missing snap configuration
Feb 02 08:00:44 ubuntu-focal sshd[799]: pam_unix(sshd:session): session closed for user vagrant
Feb 02 08:00:44 ubuntu-focal systemd-logind[681]: Session 1 logged out. Waiting for processes to exit.
Feb 02 08:00:44 ubuntu-focal systemd[1]: session-1.scope: Succeeded.
Feb 02 08:00:44 ubuntu-focal systemd-logind[681]: Removed session 1.
Feb 02 08:00:44 ubuntu-focal systemd[1]: dmesg.service: Succeeded.
Feb 02 08:00:44 ubuntu-focal lxd.activate[1193]: ==> Loading snap configuration
Feb 02 08:00:44 ubuntu-focal lxd.activate[1193]: ==> Checking for socket activation support
Feb 02 08:00:44 ubuntu-focal sshd[1333]: Accepted publickey for vagrant from 10.0.2.2 port 34404 ssh2: RSA SHA256:N6DlIFw81VsiM1LVVKB6sIEufgmlN0WnbWZz97Z+89A
Feb 02 08:00:44 ubuntu-focal sshd[1333]: pam_unix(sshd:session): session opened for user vagrant by (uid=0)
Feb 02 08:00:44 ubuntu-focal systemd[1]: Started Session 3 of user vagrant.
Feb 02 08:00:44 ubuntu-focal systemd-logind[681]: New session 3 of user vagrant.
Feb 02 08:00:44 ubuntu-focal lxd.activate[1193]: ==> Creating "lxd" user
Feb 02 08:00:44 ubuntu-focal useradd[1407]: new user: name=lxd, UID=998, GID=100, home=/var/snap/lxd/common/lxd, shell=/bin/false, from=none
Feb 02 08:00:44 ubuntu-focal lxd.activate[1193]: ==> Setting LXD socket ownership
Feb 02 08:00:44 ubuntu-focal lxd.activate[1193]: ==> LXD never started on this system, no need to start it now
Feb 02 08:00:44 ubuntu-focal systemd[1]: snap.lxd.activate.service: Succeeded.
Feb 02 08:00:44 ubuntu-focal systemd[1]: Finished Service for snap application lxd.activate.
Feb 02 08:00:46 ubuntu-focal systemd[1]: Finished Wait until snapd is fully seeded.
Feb 02 08:00:46 ubuntu-focal systemd[1]: Starting Apply the settings specified in cloud-config...
Feb 02 08:00:46 ubuntu-focal systemd[1]: Condition check resulted in Auto import assertions from block devices being skipped.
Feb 02 08:00:46 ubuntu-focal systemd[1]: Reached target Multi-User System.
Feb 02 08:00:46 ubuntu-focal systemd[1]: Reached target Graphical Interface.
Feb 02 08:00:46 ubuntu-focal systemd[1]: Starting Update UTMP about System Runlevel Changes...
Feb 02 08:00:46 ubuntu-focal systemd[1]: systemd-update-utmp-runlevel.service: Succeeded.
Feb 02 08:00:46 ubuntu-focal systemd[1]: Finished Update UTMP about System Runlevel Changes.
Feb 02 08:00:46 ubuntu-focal sudo[1639]:  vagrant : TTY=unknown ; PWD=/home/vagrant ; USER=root ; COMMAND=/usr/bin/bash -l
Feb 02 08:00:46 ubuntu-focal sudo[1639]: pam_unix(sudo:session): session opened for user root by (uid=0)
Feb 02 08:00:46 ubuntu-focal sudo[1639]: pam_unix(sudo:session): session closed for user root
Feb 02 08:00:46 ubuntu-focal sudo[1648]:  vagrant : TTY=unknown ; PWD=/home/vagrant ; USER=root ; COMMAND=/usr/bin/bash -l
Feb 02 08:00:46 ubuntu-focal sudo[1648]: pam_unix(sudo:session): session opened for user root by (uid=0)
Feb 02 08:00:46 ubuntu-focal sudo[1648]: pam_unix(sudo:session): session closed for user root
Feb 02 08:00:46 ubuntu-focal sudo[1658]:  vagrant : TTY=unknown ; PWD=/home/vagrant ; USER=root ; COMMAND=/usr/bin/bash -l
Feb 02 08:00:46 ubuntu-focal sudo[1658]: pam_unix(sudo:session): session opened for user root by (uid=0)
Feb 02 08:00:46 ubuntu-focal sudo[1658]: pam_unix(sudo:session): session closed for user root
Feb 02 08:00:46 ubuntu-focal sudo[1667]:  vagrant : TTY=unknown ; PWD=/home/vagrant ; USER=root ; COMMAND=/usr/bin/bash -l
Feb 02 08:00:46 ubuntu-focal sudo[1667]: pam_unix(sudo:session): session opened for user root by (uid=0)
Feb 02 08:00:46 ubuntu-focal sudo[1667]: pam_unix(sudo:session): session closed for user root
Feb 02 08:00:47 ubuntu-focal sudo[1724]:  vagrant : TTY=unknown ; PWD=/home/vagrant ; USER=root ; COMMAND=/usr/bin/bash -l
Feb 02 08:00:47 ubuntu-focal sudo[1724]: pam_unix(sudo:session): session opened for user root by (uid=0)
Feb 02 08:00:47 ubuntu-focal sudo[1724]: pam_unix(sudo:session): session closed for user root
Feb 02 08:00:47 ubuntu-focal sudo[1734]:  vagrant : TTY=unknown ; PWD=/home/vagrant ; USER=root ; COMMAND=/usr/bin/bash -l
Feb 02 08:00:47 ubuntu-focal sudo[1734]: pam_unix(sudo:session): session opened for user root by (uid=0)
Feb 02 08:00:47 ubuntu-focal sudo[1734]: pam_unix(sudo:session): session closed for user root
Feb 02 08:00:47 ubuntu-focal sshd[1333]: pam_unix(sshd:session): session closed for user vagrant
Feb 02 08:00:47 ubuntu-focal systemd[1]: session-3.scope: Succeeded.
Feb 02 08:00:47 ubuntu-focal systemd-logind[681]: Session 3 logged out. Waiting for processes to exit.
Feb 02 08:00:47 ubuntu-focal systemd-logind[681]: Removed session 3.
Feb 02 08:00:47 ubuntu-focal cloud-init[1695]: Cloud-init v. 20.4.1-0ubuntu1~20.04.1 running 'modules:config' at Tue, 02 Feb 2021 13:00:46 +0000. Up 21.97 seconds.
Feb 02 08:00:47 ubuntu-focal systemd[1]: Finished Apply the settings specified in cloud-config.
Feb 02 08:00:47 ubuntu-focal systemd[1]: Starting Execute cloud user/final scripts...
Feb 02 08:00:47 ubuntu-focal ec2[1751]: 
Feb 02 08:00:47 ubuntu-focal ec2[1751]: #############################################################
Feb 02 08:00:47 ubuntu-focal ec2[1751]: -----BEGIN SSH HOST KEY FINGERPRINTS-----
Feb 02 08:00:47 ubuntu-focal ec2[1751]: 1024 SHA256:2Kd5dEW6YFooOroKA/xXqTQgjqWGFRCbTvbd5RXeQA8 root@ubuntu-focal (DSA)
Feb 02 08:00:47 ubuntu-focal ec2[1751]: 256 SHA256:t1CTBTFAbUBBsrmhwO+RtVoOlqPCTAjHLtYX/ywahjc root@ubuntu-focal (ECDSA)
Feb 02 08:00:47 ubuntu-focal ec2[1751]: 256 SHA256:4fo4QIsXR4qOS1zF7X/TsDIDaYHsari4ZLbe0ZL2dUA root@ubuntu-focal (ED25519)
Feb 02 08:00:47 ubuntu-focal ec2[1751]: 3072 SHA256:kZe1EOa5Q6uigMogJkmU2np8YTDtGa+RVAy4ikDoVPo root@ubuntu-focal (RSA)
Feb 02 08:00:47 ubuntu-focal ec2[1751]: -----END SSH HOST KEY FINGERPRINTS-----
Feb 02 08:00:47 ubuntu-focal ec2[1751]: #############################################################
Feb 02 08:00:47 ubuntu-focal cloud-init[1748]: Cloud-init v. 20.4.1-0ubuntu1~20.04.1 running 'modules:final' at Tue, 02 Feb 2021 13:00:47 +0000. Up 22.99 seconds.
Feb 02 08:00:47 ubuntu-focal cloud-init[1748]: ci-info: no authorized SSH keys fingerprints found for user ubuntu.
Feb 02 08:00:47 ubuntu-focal cloud-init[1748]: Cloud-init v. 20.4.1-0ubuntu1~20.04.1 finished at Tue, 02 Feb 2021 13:00:47 +0000. Datasource DataSourceNoCloud [seed=/dev/sdb][dsmode=net].  Up 23.16 seconds
Feb 02 08:00:47 ubuntu-focal systemd[1]: Finished Execute cloud user/final scripts.
Feb 02 08:00:47 ubuntu-focal systemd[1]: Reached target Cloud-init target.
Feb 02 08:00:47 ubuntu-focal systemd[1]: Startup finished in 7.010s (kernel) + 16.224s (userspace) = 23.234s.
Feb 02 08:00:52 ubuntu-focal multipathd[467]: sdb: triggering change event to reinitialize
Feb 02 08:00:52 ubuntu-focal multipath[1763]: sdb: failed to get udev uid: Invalid argument
Feb 02 08:00:52 ubuntu-focal multipath[1763]: sdb: failed to get sysfs uid: No data available
Feb 02 08:00:52 ubuntu-focal multipath[1763]: sdb: failed to get sgio uid: No data available
Feb 02 08:00:52 ubuntu-focal multipathd[467]: sdb: failed to get udev uid: Invalid argument
Feb 02 08:00:52 ubuntu-focal multipathd[467]: sdb: failed to get unknown uid: Invalid argument
Feb 02 08:00:52 ubuntu-focal multipathd[467]: sdb: failed to get path uid
Feb 02 08:00:52 ubuntu-focal multipathd[467]: uevent trigger error
Feb 02 08:00:53 ubuntu-focal multipathd[467]: sda: triggering change event to reinitialize
Feb 02 08:00:53 ubuntu-focal multipath[1769]: sda: failed to get udev uid: Invalid argument
Feb 02 08:00:53 ubuntu-focal multipath[1769]: sda: failed to get sysfs uid: No data available
Feb 02 08:00:53 ubuntu-focal multipath[1769]: sda: failed to get sgio uid: No data available
Feb 02 08:00:53 ubuntu-focal multipathd[467]: sda: failed to get udev uid: Invalid argument
Feb 02 08:00:53 ubuntu-focal multipathd[467]: sda: failed to get unknown uid: Invalid argument
Feb 02 08:00:53 ubuntu-focal multipathd[467]: sda: failed to get path uid
Feb 02 08:00:53 ubuntu-focal multipathd[467]: uevent trigger error
Feb 02 08:00:57 ubuntu-focal systemd[1]: Stopping User Manager for UID 1000...
Feb 02 08:00:57 ubuntu-focal systemd[1]: user@1000.service: Succeeded.
Feb 02 08:00:57 ubuntu-focal systemd[1]: Stopped User Manager for UID 1000.
Feb 02 08:00:57 ubuntu-focal systemd[1]: Stopping User Runtime Directory /run/user/1000...
Feb 02 08:00:57 ubuntu-focal systemd[1]: run-user-1000.mount: Succeeded.
Feb 02 08:00:57 ubuntu-focal systemd[1]: user-runtime-dir@1000.service: Succeeded.
Feb 02 08:00:57 ubuntu-focal systemd[1]: Stopped User Runtime Directory /run/user/1000.
Feb 02 08:00:57 ubuntu-focal systemd[1]: Removed slice User Slice of UID 1000.
Feb 02 08:00:59 ubuntu-focal sshd[1783]: Accepted publickey for vagrant from 10.0.2.2 port 34408 ssh2: RSA SHA256:N6DlIFw81VsiM1LVVKB6sIEufgmlN0WnbWZz97Z+89A
Feb 02 08:00:59 ubuntu-focal sshd[1783]: pam_unix(sshd:session): session opened for user vagrant by (uid=0)
Feb 02 08:00:59 ubuntu-focal systemd-logind[681]: New session 4 of user vagrant.
Feb 02 08:00:59 ubuntu-focal systemd[1]: Created slice User Slice of UID 1000.
Feb 02 08:00:59 ubuntu-focal systemd[1]: Starting User Runtime Directory /run/user/1000...
Feb 02 08:00:59 ubuntu-focal systemd[1]: Finished User Runtime Directory /run/user/1000.
Feb 02 08:00:59 ubuntu-focal systemd[1]: Starting User Manager for UID 1000...
Feb 02 08:00:59 ubuntu-focal systemd[1786]: pam_unix(systemd-user:session): session opened for user vagrant by (uid=0)
Feb 02 08:00:59 ubuntu-focal systemd[1]: Started User Manager for UID 1000.
Feb 02 08:00:59 ubuntu-focal systemd[1]: Started Session 4 of user vagrant.
Feb 02 08:01:02 ubuntu-focal multipathd[467]: sdb: triggering change event to reinitialize
Feb 02 08:01:02 ubuntu-focal multipath[1877]: sdb: failed to get udev uid: Invalid argument
Feb 02 08:01:02 ubuntu-focal multipath[1877]: sdb: failed to get sysfs uid: No data available
Feb 02 08:01:02 ubuntu-focal multipath[1877]: sdb: failed to get sgio uid: No data available
Feb 02 08:01:02 ubuntu-focal multipathd[467]: sdb: failed to get udev uid: Invalid argument
Feb 02 08:01:02 ubuntu-focal multipathd[467]: sdb: failed to get sysfs uid: No data available
Feb 02 08:01:02 ubuntu-focal multipathd[467]: sdb: failed to get sgio uid: No data available
Feb 02 08:01:02 ubuntu-focal multipathd[467]: sdb: failed to get path uid
Feb 02 08:01:02 ubuntu-focal multipathd[467]: uevent trigger error
Feb 02 08:01:03 ubuntu-focal multipathd[467]: sda: triggering change event to reinitialize
Feb 02 08:01:03 ubuntu-focal multipath[1883]: sda: failed to get udev uid: Invalid argument
Feb 02 08:01:03 ubuntu-focal multipath[1883]: sda: failed to get sysfs uid: No data available
Feb 02 08:01:03 ubuntu-focal multipath[1883]: sda: failed to get sgio uid: No data available
Feb 02 08:01:03 ubuntu-focal multipathd[467]: sda: failed to get udev uid: Invalid argument
Feb 02 08:01:03 ubuntu-focal multipathd[467]: sda: failed to get sysfs uid: No data available
Feb 02 08:01:03 ubuntu-focal multipathd[467]: sda: failed to get sgio uid: No data available
Feb 02 08:01:03 ubuntu-focal multipathd[467]: sda: failed to get path uid
Feb 02 08:01:03 ubuntu-focal multipathd[467]: uevent trigger error
Feb 02 08:01:12 ubuntu-focal multipathd[467]: sdb: not initialized after 3 udev retriggers
Feb 02 08:01:13 ubuntu-focal multipathd[467]: sda: not initialized after 3 udev retriggers
Feb 02 08:01:13 ubuntu-focal multipathd[467]: sdb: add missing path
Feb 02 08:01:13 ubuntu-focal multipathd[467]: sdb: failed to get udev uid: Invalid argument
Feb 02 08:01:13 ubuntu-focal multipathd[467]: sdb: failed to get sysfs uid: No data available
Feb 02 08:01:13 ubuntu-focal multipathd[467]: sdb: failed to get sgio uid: No data available
Feb 02 08:01:14 ubuntu-focal multipathd[467]: sda: add missing path
Feb 02 08:01:14 ubuntu-focal multipathd[467]: sda: failed to get udev uid: Invalid argument
Feb 02 08:01:14 ubuntu-focal multipathd[467]: sda: failed to get sysfs uid: No data available
